Archive member included to satisfy reference by file (symbol)

d:/stm32cubeide_1.9.0/stm32cubeide/plugins/com.st.stm32cube.ide.mcu.externaltools.gnu-tools-for-stm32.10.3-2021.10.win32_1.0.0.202111181127/tools/bin/../lib/gcc/arm-none-eabi/10.3.1/../../../../arm-none-eabi/lib/thumb/v7e-m+fp/hard\libc_nano.a(lib_a-atoi.o)
                              ./Core/Src/state_control.o (atoi)
d:/stm32cubeide_1.9.0/stm32cubeide/plugins/com.st.stm32cube.ide.mcu.externaltools.gnu-tools-for-stm32.10.3-2021.10.win32_1.0.0.202111181127/tools/bin/../lib/gcc/arm-none-eabi/10.3.1/../../../../arm-none-eabi/lib/thumb/v7e-m+fp/hard\libc_nano.a(lib_a-errno.o)
                              ./Core/Src/syscalls.o (__errno)
d:/stm32cubeide_1.9.0/stm32cubeide/plugins/com.st.stm32cube.ide.mcu.externaltools.gnu-tools-for-stm32.10.3-2021.10.win32_1.0.0.202111181127/tools/bin/../lib/gcc/arm-none-eabi/10.3.1/../../../../arm-none-eabi/lib/thumb/v7e-m+fp/hard\libc_nano.a(lib_a-exit.o)
                              d:/stm32cubeide_1.9.0/stm32cubeide/plugins/com.st.stm32cube.ide.mcu.externaltools.gnu-tools-for-stm32.10.3-2021.10.win32_1.0.0.202111181127/tools/bin/../lib/gcc/arm-none-eabi/10.3.1/../../../../arm-none-eabi/lib/thumb/v7e-m+fp/hard/crt0.o (exit)
d:/stm32cubeide_1.9.0/stm32cubeide/plugins/com.st.stm32cube.ide.mcu.externaltools.gnu-tools-for-stm32.10.3-2021.10.win32_1.0.0.202111181127/tools/bin/../lib/gcc/arm-none-eabi/10.3.1/../../../../arm-none-eabi/lib/thumb/v7e-m+fp/hard\libc_nano.a(lib_a-impure.o)
                              d:/stm32cubeide_1.9.0/stm32cubeide/plugins/com.st.stm32cube.ide.mcu.externaltools.gnu-tools-for-stm32.10.3-2021.10.win32_1.0.0.202111181127/tools/bin/../lib/gcc/arm-none-eabi/10.3.1/../../../../arm-none-eabi/lib/thumb/v7e-m+fp/hard\libc_nano.a(lib_a-exit.o) (_global_impure_ptr)
d:/stm32cubeide_1.9.0/stm32cubeide/plugins/com.st.stm32cube.ide.mcu.externaltools.gnu-tools-for-stm32.10.3-2021.10.win32_1.0.0.202111181127/tools/bin/../lib/gcc/arm-none-eabi/10.3.1/../../../../arm-none-eabi/lib/thumb/v7e-m+fp/hard\libc_nano.a(lib_a-init.o)
                              d:/stm32cubeide_1.9.0/stm32cubeide/plugins/com.st.stm32cube.ide.mcu.externaltools.gnu-tools-for-stm32.10.3-2021.10.win32_1.0.0.202111181127/tools/bin/../lib/gcc/arm-none-eabi/10.3.1/../../../../arm-none-eabi/lib/thumb/v7e-m+fp/hard/crt0.o (__libc_init_array)
d:/stm32cubeide_1.9.0/stm32cubeide/plugins/com.st.stm32cube.ide.mcu.externaltools.gnu-tools-for-stm32.10.3-2021.10.win32_1.0.0.202111181127/tools/bin/../lib/gcc/arm-none-eabi/10.3.1/../../../../arm-none-eabi/lib/thumb/v7e-m+fp/hard\libc_nano.a(lib_a-malloc.o)
                              ./Core/Src/buffer.o (malloc)
d:/stm32cubeide_1.9.0/stm32cubeide/plugins/com.st.stm32cube.ide.mcu.externaltools.gnu-tools-for-stm32.10.3-2021.10.win32_1.0.0.202111181127/tools/bin/../lib/gcc/arm-none-eabi/10.3.1/../../../../arm-none-eabi/lib/thumb/v7e-m+fp/hard\libc_nano.a(lib_a-memcpy-stub.o)
                              ./Core/Src/state_control.o (memcpy)
d:/stm32cubeide_1.9.0/stm32cubeide/plugins/com.st.stm32cube.ide.mcu.externaltools.gnu-tools-for-stm32.10.3-2021.10.win32_1.0.0.202111181127/tools/bin/../lib/gcc/arm-none-eabi/10.3.1/../../../../arm-none-eabi/lib/thumb/v7e-m+fp/hard\libc_nano.a(lib_a-memset.o)
                              d:/stm32cubeide_1.9.0/stm32cubeide/plugins/com.st.stm32cube.ide.mcu.externaltools.gnu-tools-for-stm32.10.3-2021.10.win32_1.0.0.202111181127/tools/bin/../lib/gcc/arm-none-eabi/10.3.1/../../../../arm-none-eabi/lib/thumb/v7e-m+fp/hard/crt0.o (memset)
d:/stm32cubeide_1.9.0/stm32cubeide/plugins/com.st.stm32cube.ide.mcu.externaltools.gnu-tools-for-stm32.10.3-2021.10.win32_1.0.0.202111181127/tools/bin/../lib/gcc/arm-none-eabi/10.3.1/../../../../arm-none-eabi/lib/thumb/v7e-m+fp/hard\libc_nano.a(lib_a-nano-freer.o)
                              d:/stm32cubeide_1.9.0/stm32cubeide/plugins/com.st.stm32cube.ide.mcu.externaltools.gnu-tools-for-stm32.10.3-2021.10.win32_1.0.0.202111181127/tools/bin/../lib/gcc/arm-none-eabi/10.3.1/../../../../arm-none-eabi/lib/thumb/v7e-m+fp/hard\libc_nano.a(lib_a-malloc.o) (_free_r)
d:/stm32cubeide_1.9.0/stm32cubeide/plugins/com.st.stm32cube.ide.mcu.externaltools.gnu-tools-for-stm32.10.3-2021.10.win32_1.0.0.202111181127/tools/bin/../lib/gcc/arm-none-eabi/10.3.1/../../../../arm-none-eabi/lib/thumb/v7e-m+fp/hard\libc_nano.a(lib_a-nano-mallocr.o)
                              d:/stm32cubeide_1.9.0/stm32cubeide/plugins/com.st.stm32cube.ide.mcu.externaltools.gnu-tools-for-stm32.10.3-2021.10.win32_1.0.0.202111181127/tools/bin/../lib/gcc/arm-none-eabi/10.3.1/../../../../arm-none-eabi/lib/thumb/v7e-m+fp/hard\libc_nano.a(lib_a-malloc.o) (_malloc_r)
d:/stm32cubeide_1.9.0/stm32cubeide/plugins/com.st.stm32cube.ide.mcu.externaltools.gnu-tools-for-stm32.10.3-2021.10.win32_1.0.0.202111181127/tools/bin/../lib/gcc/arm-none-eabi/10.3.1/../../../../arm-none-eabi/lib/thumb/v7e-m+fp/hard\libc_nano.a(lib_a-sbrkr.o)
[...]
Memory Configuration

Name             Origin             Length             Attributes
CCMRAM           0x0000000010000000 0x0000000000010000 xrw
RAM              0x0000000020000000 0x0000000000030000 xrw
FLASH            0x0000000008000000 0x0000000000200000 xr
*default*        0x0000000000000000 0xffffffffffffffff

Linker script and memory map

LOAD d:/stm32cubeide_1.9.0/stm32cubeide/plugins/com.st.stm32cube.ide.mcu.externaltools.gnu-tools-for-stm32.10.3-2021.10.win32_1.0.0.202111181127/tools/bin/../lib/gcc/arm-none-eabi/10.3.1/thumb/v7e-m+fp/hard/crti.o
LOAD d:/stm32cubeide_1.9.0/stm32cubeide/plugins/com.st.stm32cube.ide.mcu.externaltools.gnu-tools-for-stm32.10.3-2021.10.win32_1.0.0.202111181127/tools/bin/../lib/gcc/arm-none-eabi/10.3.1/thumb/v7e-m+fp/hard/crtbegin.o
LOAD d:/stm32cubeide_1.9.0/stm32cubeide/plugins/com.st.stm32cube.ide.mcu.externaltools.gnu-tools-for-stm32.10.3-2021.10.win32_1.0.0.202111181127/tools/bin/../lib/gcc/arm-none-eabi/10.3.1/../../../../arm-none-eabi/lib/thumb/v7e-m+fp/hard/crt0.o
LOAD ./Core/Src/buffer.o
LOAD ./Core/Src/gpio.o
LOAD ./Core/Src/main.o
LOAD ./Core/Src/state_control.o
LOAD ./Core/Src/stm32f4xx_hal_msp.o
LOAD ./Core/Src/stm32f4xx_it.o
LOAD ./Core/Src/syscalls.o
LOAD ./Core/Src/sysmem.o
LOAD ./Core/Src/system_stm32f4xx.o
LOAD ./Core/Src/traffic_light.o
LOAD ./Core/Src/usart.o
LOAD ./Core/Src/hardware/button.o
LOAD ./Core/Src/hardware/led.o
LOAD ./Core/Src/hardware/uart.o
LOAD ./Core/Startup/startup_stm32f427vitx.o
LOAD ./Drivers/STM32F4xx_HAL_Driver/Src/stm32f4xx_hal.o
LOAD ./Drivers/STM32F4xx_HAL_Driver/Src/stm32f4xx_hal_cortex.o
LOAD ./Drivers/STM32F4xx_HAL_Driver/Src/stm32f4xx_hal_dma.o
LOAD ./Drivers/STM32F4xx_HAL_Driver/Src/stm32f4xx_hal_dma_ex.o
LOAD ./Drivers/STM32F4xx_HAL_Driver/Src/stm32f4xx_hal_exti.o
LOAD ./Drivers/STM32F4xx_HAL_Driver/Src/stm32f4xx_hal_flash.o
LOAD ./Drivers/STM32F4xx_HAL_Driver/Src/stm32f4xx_hal_flash_ex.o
LOAD ./Drivers/STM32F4xx_HAL_Driver/Src/stm32f4xx_hal_flash_ramfunc.o
LOAD ./Drivers/STM32F4xx_HAL_Driver/Src/stm32f4xx_hal_gpio.o
LOAD ./Drivers/STM32F4xx_HAL_Driver/Src/stm32f4xx_hal_pwr.o
LOAD ./Drivers/STM32F4xx_HAL_Driver/Src/stm32f4xx_hal_pwr_ex.o
LOAD ./Drivers/STM32F4xx_HAL_Driver/Src/stm32f4xx_hal_rcc.o
LOAD ./Drivers/STM32F4xx_HAL_Driver/Src/stm32f4xx_hal_rcc_ex.o
LOAD ./Drivers/STM32F4xx_HAL_Driver/Src/stm32f4xx_hal_tim.o
LOAD ./Drivers/STM32F4xx_HAL_Driver/Src/stm32f4xx_hal_tim_ex.o
LOAD ./Drivers/STM32F4xx_HAL_Driver/Src/stm32f4xx_hal_uart.o
START GROUP
LOAD d:/stm32cubeide_1.9.0/stm32cubeide/plugins/com.st.stm32cube.ide.mcu.externaltools.gnu-tools-for-stm32.10.3-2021.10.win32_1.0.0.202111181127/tools/bin/../lib/gcc/arm-none-eabi/10.3.1/../../../../arm-none-eabi/lib/thumb/v7e-m+fp/hard\libc_nano.a
LOAD d:/stm32cubeide_1.9.0/stm32cubeide/plugins/com.st.stm32cube.ide.mcu.externaltools.gnu-tools-for-stm32.10.3-2021.10.win32_1.0.0.202111181127/tools/bin/../lib/gcc/arm-none-eabi/10.3.1/../../../../arm-none-eabi/lib/thumb/v7e-m+fp/hard\libm.a
END GROUP
START GROUP
LOAD d:/stm32cubeide_1.9.0/stm32cubeide/plugins/com.st.stm32cube.ide.mcu.externaltools.gnu-tools-for-stm32.10.3-2021.10.win32_1.0.0.202111181127/tools/bin/../lib/gcc/arm-none-eabi/10.3.1/thumb/v7e-m+fp/hard\libgcc.a
LOAD d:/stm32cubeide_1.9.0/stm32cubeide/plugins/com.st.stm32cube.ide.mcu.externaltools.gnu-tools-for-stm32.10.3-2021.10.win32_1.0.0.202111181127/tools/bin/../lib/gcc/arm-none-eabi/10.3.1/../../../../arm-none-eabi/lib/thumb/v7e-m+fp/hard\libc_nano.a
END GROUP
START GROUP
LOAD d:/stm32cubeide_1.9.0/stm32cubeide/plugins/com.st.stm32cube.ide.mcu.externaltools.gnu-tools-for-stm32.10.3-2021.10.win32_1.0.0.202111181127/tools/bin/../lib/gcc/arm-none-eabi/10.3.1/thumb/v7e-m+fp/hard\libgcc.a
LOAD d:/stm32cubeide_1.9.0/stm32cubeide/plugins/com.st.stm32cube.ide.mcu.externaltools.gnu-tools-for-stm32.10.3-2021.10.win32_1.0.0.202111181127/tools/bin/../lib/gcc/arm-none-eabi/10.3.1/../../../../arm-none-eabi/lib/thumb/v7e-m+fp/hard\libc_nano.a
LOAD d:/stm32cubeide_1.9.0/stm32cubeide/plugins/com.st.stm32cube.ide.mcu.externaltools.gnu-tools-for-stm32.10.3-2021.10.win32_1.0.0.202111181127/tools/bin/../lib/gcc/arm-none-eabi/10.3.1/../../../../arm-none-eabi/lib/thumb/v7e-m+fp/hard\libnosys.a
END GROUP
START GROUP
LOAD d:/stm32cubeide_1.9.0/stm32cubeide/plugins/com.st.stm32cube.ide.mcu.externaltools.gnu-tools-for-stm32.10.3-2021.10.win32_1.0.0.202111181127/tools/bin/../lib/gcc/arm-none-eabi/10.3.1/thumb/v7e-m+fp/hard\libgcc.a
LOAD d:/stm32cubeide_1.9.0/stm32cubeide/plugins/com.st.stm32cube.ide.mcu.externaltools.gnu-tools-for-stm32.10.3-2021.10.win32_1.0.0.202111181127/tools/bin/../lib/gcc/arm-none-eabi/10.3.1/../../../../arm-none-eabi/lib/thumb/v7e-m+fp/hard\libc_nano.a
LOAD d:/stm32cubeide_1.9.0/stm32cubeide/plugins/com.st.stm32cube.ide.mcu.externaltools.gnu-tools-for-stm32.10.3-2021.10.win32_1.0.0.202111181127/tools/bin/../lib/gcc/arm-none-eabi/10.3.1/../../../../arm-none-eabi/lib/thumb/v7e-m+fp/hard\libnosys.a
END GROUP
LOAD d:/stm32cubeide_1.9.0/stm32cubeide/plugins/com.st.stm32cube.ide.mcu.externaltools.gnu-tools-for-stm32.10.3-2021.10.win32_1.0.0.202111181127/tools/bin/../lib/gcc/arm-none-eabi/10.3.1/thumb/v7e-m+fp/hard/crtend.o
LOAD d:/stm32cubeide_1.9.0/stm32cubeide/plugins/com.st.stm32cube.ide.mcu.externaltools.gnu-tools-for-stm32.10.3-2021.10.win32_1.0.0.202111181127/tools/bin/../lib/gcc/arm-none-eabi/10.3.1/thumb/v7e-m+fp/hard/crtn.o
                0x0000000020030000                _estack = (ORIGIN (RAM) + LENGTH (RAM))
                0x0000000000000200                _Min_Heap_Size = 0x200
                0x0000000000000400                _Min_Stack_Size = 0x400

.isr_vector     0x0000000008000000      0x1ac
                0x0000000008000000                . = ALIGN (0x4)
 *(.isr_vector)
 .isr_vector    0x0000000008000000      0x1ac ./Core/Startup/startup_stm32f427vitx.o
                0x0000000008000000                g_pfnVectors
                0x00000000080001ac                . = ALIGN (0x4)

.text           0x00000000080001b0     0x4184
                0x00000000080001b0                . = ALIGN (0x4)
 *(.text)
 .text          0x00000000080001b0       0x40 d:/stm32cubeide_1.9.0/stm32cubeide/plugins/com.st.stm32cube.ide.mcu.externaltools.gnu-tools-for-stm32.10.3-2021.10.win32_1.0.0.202111181127/tools/bin/../lib/gcc/arm-none-eabi/10.3.1/thumb/v7e-m+fp/hard/crtbegin.o
 .text          0x00000000080001f0       0x14 d:/stm32cubeide_1.9.0/stm32cubeide/plugins/com.st.stm32cube.ide.mcu.externaltools.gnu-tools-for-stm32.10.3-2021.10.win32_1.0.0.202111181127/tools/bin/../lib/gcc/arm-none-eabi/10.3.1/../../../../arm-none-eabi/lib/thumb/v7e-m+fp/hard\libc_nano.a(lib_a-strcmp.o)
                0x00000000080001f0                strcmp
 .text          0x0000000008000204       0x10 d:/stm32cubeide_1.9.0/stm32cubeide/plugins/com.st.stm32cube.ide.mcu.externaltools.gnu-tools-for-stm32.10.3-2021.10.win32_1.0.0.202111181127/tools/bin/../lib/gcc/arm-none-eabi/10.3.1/../../../../arm-none-eabi/lib/thumb/v7e-m+fp/hard\libc_nano.a(lib_a-strlen.o)
                0x0000000008000204                strlen
 *fill*         0x0000000008000214        0xc 
 .text          0x0000000008000220       0xa0 d:/stm32cubeide_1.9.0/stm32cubeide/plugins/com.st.stm32cube.ide.mcu.externaltools.gnu-tools-for-stm32.10.3-2021.10.win32_1.0.0.202111181127/tools/bin/../lib/gcc/arm-none-eabi/10.3.1/../../../../arm-none-eabi/lib/thumb/v7e-m+fp/hard\libc_nano.a(lib_a-memchr.o)
                0x0000000008000220                memchr
 .text          0x00000000080002c0       0x30 d:/stm32cubeide_1.9.0/stm32cubeide/plugins/com.st.stm32cube.ide.mcu.externaltools.gnu-tools-for-stm32.10.3-2021.10.win32_1.0.0.202111181127/tools/bin/../lib/gcc/arm-none-eabi/10.3.1/thumb/v7e-m+fp/hard\libgcc.a(_aeabi_uldivmod.o)
                0x00000000080002c0                __aeabi_uldivmod
 .text          0x00000000080002f0      0x2d0 d:/stm32cubeide_1.9.0/stm32cubeide/plugins/com.st.stm32cube.ide.mcu.externaltools.gnu-tools-for-stm32.10.3-2021.10.win32_1.0.0.202111181127/tools/bin/../lib/gcc/arm-none-eabi/10.3.1/thumb/v7e-m+fp/hard\libgcc.a(_udivmoddi4.o)
                0x00000000080002f0                __udivmoddi4
 .text          0x00000000080005c0        0x4 d:/stm32cubeide_1.9.0/stm32cubeide/plugins/com.st.stm32cube.ide.mcu.externaltools.gnu-tools-for-stm32.10.3-2021.10.win32_1.0.0.202111181127/tools/bin/../lib/gcc/arm-none-eabi/10.3.1/thumb/v7e-m+fp/hard\libgcc.a(_dvmd_tls.o)
                0x00000000080005c0                __aeabi_idiv0
                0x00000000080005c0                __aeabi_ldiv0
 *(.text*)
 .text.buffer_create
                0x00000000080005c4       0x2c ./Core/Src/buffer.o
                0x00000000080005c4                buffer_create
 .text.buffer_push
                0x00000000080005f0       0x36 ./Core/Src/buffer.o
                0x00000000080005f0                buffer_push
 .text.buffer_clear
                0x0000000008000626       0x20 ./Core/Src/buffer.o
                0x0000000008000626                buffer_clear
 .text.buffer_elements
                0x0000000008000646       0x52 ./Core/Src/buffer.o
                0x0000000008000646                buffer_elements
 .text.MX_GPIO_Init
                0x0000000008000698       0xe0 ./Core/Src/gpio.o
                0x0000000008000698                MX_GPIO_Init
 .text.main     0x0000000008000778       0x90 ./Core/Src/main.o
                0x0000000008000778                main
 .text.SystemClock_Config
                0x0000000008000808       0xc0 ./Core/Src/main.o
                0x0000000008000808                SystemClock_Config
 .text.onButtonClick
                0x00000000080008c8       0x30 ./Core/Src/main.o
 .text.Error_Handler
                0x00000000080008f8        0xa ./Core/Src/main.o
                0x00000000080008f8                Error_Handler
 *fill*         0x0000000008000902        0x2 
 .text.check    0x0000000008000904      0x274 ./Core/Src/state_control.o
                0x0000000008000904                check
 .text.getMode  0x0000000008000b78       0x18 ./Core/Src/state_control.o
                0x0000000008000b78                getMode
 .text.getInterruptsEnabled
                0x0000000008000b90       0x18 ./Core/Src/state_control.o
                0x0000000008000b90                getInterruptsEnabled
 .text.HAL_MspInit
                0x0000000008000ba8       0x50 ./Core/Src/stm32f4xx_hal_msp.o
                0x0000000008000ba8                HAL_MspInit
 .text.NMI_Handler
                0x0000000008000bf8        0x6 ./Core/Src/stm32f4xx_it.o
                0x0000000008000bf8                NMI_Handler
 .text.HardFault_Handler
                0x0000000008000bfe        0x6 ./Core/Src/stm32f4xx_it.o
                0x0000000008000bfe                HardFault_Handler
 .text.MemManage_Handler
                0x0000000008000c04        0x6 ./Core/Src/stm32f4xx_it.o
                0x0000000008000c04                MemManage_Handler
 .text.BusFault_Handler
                0x0000000008000c0a        0x6 ./Core/Src/stm32f4xx_it.o
                0x0000000008000c0a                BusFault_Handler
 .text.UsageFault_Handler
                0x0000000008000c10        0x6 ./Core/Src/stm32f4xx_it.o
                0x0000000008000c10                UsageFault_Handler
 .text.SVC_Handler
                0x0000000008000c16        0xe ./Core/Src/stm32f4xx_it.o
                0x0000000008000c16                SVC_Handler
 .text.DebugMon_Handler
                0x0000000008000c24        0xe ./Core/Src/stm32f4xx_it.o
                0x0000000008000c24                DebugMon_Handler
 .text.PendSV_Handler
                0x0000000008000c32        0xe ./Core/Src/stm32f4xx_it.o
                0x0000000008000c32                PendSV_Handler
 .text.SysTick_Handler
                0x0000000008000c40        0xc ./Core/Src/stm32f4xx_it.o
                0x0000000008000c40                SysTick_Handler
 .text.USART6_IRQHandler
                0x0000000008000c4c       0x14 ./Core/Src/stm32f4xx_it.o
                0x0000000008000c4c                USART6_IRQHandler
 .text._sbrk    0x0000000008000c60       0x6c ./Core/Src/sysmem.o
                0x0000000008000c60                _sbrk
 .text.SystemInit
                0x0000000008000ccc       0x24 ./Core/Src/system_stm32f4xx.o
                0x0000000008000ccc                SystemInit
 .text.trafficLightSetDuration
                0x0000000008000cf0       0x28 ./Core/Src/traffic_light.o
                0x0000000008000cf0                trafficLightSetDuration
 .text.trafficLightGetDuration
                0x0000000008000d18       0x24 ./Core/Src/traffic_light.o
                0x0000000008000d18                trafficLightGetDuration
 .text.trafficLightUpdate
                0x0000000008000d3c      0x130 ./Core/Src/traffic_light.o
                0x0000000008000d3c                trafficLightUpdate
 .text.trafficLightInit
                0x0000000008000e6c       0x58 ./Core/Src/traffic_light.o
                0x0000000008000e6c                trafficLightInit
 .text.trafficLightStart
                0x0000000008000ec4       0x20 ./Core/Src/traffic_light.o
                0x0000000008000ec4                trafficLightStart
 .text.isButtonAllowed
                0x0000000008000ee4       0x2c ./Core/Src/traffic_light.o
                0x0000000008000ee4                isButtonAllowed
 .text.getCurrentColor
                0x0000000008000f10       0x18 ./Core/Src/traffic_light.o
                0x0000000008000f10                getCurrentColor
 .text.setDurationRED
                0x0000000008000f28       0x20 ./Core/Src/traffic_light.o
                0x0000000008000f28                setDurationRED
 .text.MX_USART6_UART_Init
                0x0000000008000f48       0x54 ./Core/Src/usart.o
                0x0000000008000f48                MX_USART6_UART_Init
 .text.HAL_UART_MspInit
                0x0000000008000f9c       0xa0 ./Core/Src/usart.o
                0x0000000008000f9c                HAL_UART_MspInit
 .text.buttonInit
                0x000000000800103c       0x38 ./Core/Src/hardware/button.o
                0x000000000800103c                buttonInit
 .text.buttonSetOnClick
                0x0000000008001074       0x20 ./Core/Src/hardware/button.o
                0x0000000008001074                buttonSetOnClick
 .text.buttonIsPressed
                0x0000000008001094       0x2c ./Core/Src/hardware/button.o
                0x0000000008001094                buttonIsPressed
 .text.buttonUpdateState
                0x00000000080010c0       0x70 ./Core/Src/hardware/button.o
                0x00000000080010c0                buttonUpdateState
 .text.ledInit  0x0000000008001130       0x52 ./Core/Src/hardware/led.o
                0x0000000008001130                ledInit
 .text.ledUpdateState
                0x0000000008001182       0xa2 ./Core/Src/hardware/led.o
                0x0000000008001182                ledUpdateState
 .text.ledSetState
                0x0000000008001224       0x2c ./Core/Src/hardware/led.o
                0x0000000008001224                ledSetState
 .text.ledSetPeriod
                0x0000000008001250       0x3a ./Core/Src/hardware/led.o
                0x0000000008001250                ledSetPeriod
 .text.ledSetStateDuration
                0x000000000800128a       0x3a ./Core/Src/hardware/led.o
                0x000000000800128a                ledSetStateDuration
 .text.ledFinishedLightning
                0x00000000080012c4       0x30 ./Core/Src/hardware/led.o
                0x00000000080012c4                ledFinishedLightning
 .text.ledToggleState
                0x00000000080012f4       0x2a ./Core/Src/hardware/led.o
 .text.ledHardwareSet
                0x000000000800131e       0x2c ./Core/Src/hardware/led.o
 *fill*         0x000000000800134a        0x2 
 .text.uart_buffersInit
                0x000000000800134c       0x28 ./Core/Src/hardware/uart.o
                0x000000000800134c                uart_buffersInit
 .text.recieve  0x0000000008001374       0x50 ./Core/Src/hardware/uart.o
                0x0000000008001374                recieve
 .text.transmit
                0x00000000080013c4       0x5c ./Core/Src/hardware/uart.o
                0x00000000080013c4                transmit
 .text.HAL_UART_RxCpltCallback
                0x0000000008001420       0x28 ./Core/Src/hardware/uart.o
                0x0000000008001420                HAL_UART_RxCpltCallback
 .text.HAL_UART_TxCpltCallback
                0x0000000008001448       0xb0 ./Core/Src/hardware/uart.o
                0x0000000008001448                HAL_UART_TxCpltCallback
 .text.Reset_Handler
                0x00000000080014f8       0x50 ./Core/Startup/startup_stm32f427vitx.o
                0x00000000080014f8                Reset_Handler
 .text.Default_Handler
                0x0000000008001548        0x2 ./Core/Startup/startup_stm32f427vitx.o
                0x0000000008001548                RTC_Alarm_IRQHandler
                0x0000000008001548                HASH_RNG_IRQHandler
                0x0000000008001548                EXTI2_IRQHandler
                0x0000000008001548                TIM8_CC_IRQHandler
                0x0000000008001548                UART8_IRQHandler
                0x0000000008001548                SPI4_IRQHandler
                0x0000000008001548                TIM1_CC_IRQHandler
                0x0000000008001548                DMA2_Stream5_IRQHandler
                0x0000000008001548                DMA1_Stream5_IRQHandler
                0x0000000008001548                PVD_IRQHandler
                0x0000000008001548                SDIO_IRQHandler
                0x0000000008001548                TAMP_STAMP_IRQHandler
                0x0000000008001548                CAN2_RX1_IRQHandler
                0x0000000008001548                EXTI3_IRQHandler
                0x0000000008001548                TIM8_TRG_COM_TIM14_IRQHandler
                0x0000000008001548                TIM1_UP_TIM10_IRQHandler
                0x0000000008001548                TIM8_UP_TIM13_IRQHandler
                0x0000000008001548                I2C3_ER_IRQHandler
                0x0000000008001548                EXTI0_IRQHandler
                0x0000000008001548                I2C2_EV_IRQHandler
                0x0000000008001548                DMA1_Stream2_IRQHandler
                0x0000000008001548                CAN1_RX0_IRQHandler
                0x0000000008001548                FPU_IRQHandler
                0x0000000008001548                OTG_HS_WKUP_IRQHandler
                0x0000000008001548                CAN2_SCE_IRQHandler
                0x0000000008001548                DMA2_Stream2_IRQHandler
                0x0000000008001548                SPI1_IRQHandler
                0x0000000008001548                TIM6_DAC_IRQHandler
                0x0000000008001548                TIM1_BRK_TIM9_IRQHandler
                0x0000000008001548                DCMI_IRQHandler
                0x0000000008001548                CAN2_RX0_IRQHandler
                0x0000000008001548                DMA2_Stream3_IRQHandler
                0x0000000008001548                USART3_IRQHandler
                0x0000000008001548                CAN1_RX1_IRQHandler
                0x0000000008001548                UART5_IRQHandler
                0x0000000008001548                DMA2_Stream0_IRQHandler
                0x0000000008001548                TIM4_IRQHandler
                0x0000000008001548                I2C1_EV_IRQHandler
                0x0000000008001548                DMA1_Stream6_IRQHandler
                0x0000000008001548                DMA1_Stream1_IRQHandler
                0x0000000008001548                UART4_IRQHandler
                0x0000000008001548                TIM3_IRQHandler
                0x0000000008001548                RCC_IRQHandler
                0x0000000008001548                TIM8_BRK_TIM12_IRQHandler
                0x0000000008001548                Default_Handler
                0x0000000008001548                EXTI15_10_IRQHandler
                0x0000000008001548                ADC_IRQHandler
                0x0000000008001548                DMA1_Stream7_IRQHandler
                0x0000000008001548                SPI5_IRQHandler
                0x0000000008001548                TIM7_IRQHandler
                0x0000000008001548                CAN2_TX_IRQHandler
                0x0000000008001548                TIM5_IRQHandler
                0x0000000008001548                DMA2_Stream7_IRQHandler
                0x0000000008001548                I2C3_EV_IRQHandler
                0x0000000008001548                EXTI9_5_IRQHandler
                0x0000000008001548                RTC_WKUP_IRQHandler
                0x0000000008001548                ETH_WKUP_IRQHandler
                0x0000000008001548                SPI2_IRQHandler
                0x0000000008001548                OTG_HS_EP1_IN_IRQHandler
                0x0000000008001548                DMA1_Stream0_IRQHandler
                0x0000000008001548                CAN1_TX_IRQHandler
                0x0000000008001548                EXTI4_IRQHandler
                0x0000000008001548                ETH_IRQHandler
                0x0000000008001548                OTG_HS_EP1_OUT_IRQHandler
                0x0000000008001548                WWDG_IRQHandler
                0x0000000008001548                SPI6_IRQHandler
                0x0000000008001548                TIM2_IRQHandler
                0x0000000008001548                OTG_FS_WKUP_IRQHandler
                0x0000000008001548                TIM1_TRG_COM_TIM11_IRQHandler
                0x0000000008001548                OTG_HS_IRQHandler
                0x0000000008001548                DMA2D_IRQHandler
                0x0000000008001548                EXTI1_IRQHandler
                0x0000000008001548                UART7_IRQHandler
                0x0000000008001548                USART2_IRQHandler
                0x0000000008001548                I2C2_ER_IRQHandler
                0x0000000008001548                DMA2_Stream1_IRQHandler
                0x0000000008001548                CAN1_SCE_IRQHandler
                0x0000000008001548                FLASH_IRQHandler
                0x0000000008001548                DMA2_Stream4_IRQHandler
                0x0000000008001548                USART1_IRQHandler
                0x0000000008001548                OTG_FS_IRQHandler
                0x0000000008001548                SPI3_IRQHandler
                0x0000000008001548                DMA1_Stream4_IRQHandler
                0x0000000008001548                I2C1_ER_IRQHandler
                0x0000000008001548                FMC_IRQHandler
                0x0000000008001548                DMA2_Stream6_IRQHandler
                0x0000000008001548                SAI1_IRQHandler
                0x0000000008001548                DMA1_Stream3_IRQHandler
 *fill*         0x000000000800154a        0x2 
 .text.HAL_Init
                0x000000000800154c       0x44 ./Drivers/STM32F4xx_HAL_Driver/Src/stm32f4xx_hal.o
                0x000000000800154c                HAL_Init
 .text.HAL_InitTick
                0x0000000008001590       0x60 ./Drivers/STM32F4xx_HAL_Driver/Src/stm32f4xx_hal.o
                0x0000000008001590                HAL_InitTick
 .text.HAL_IncTick
                0x00000000080015f0       0x28 ./Drivers/STM32F4xx_HAL_Driver/Src/stm32f4xx_hal.o
                0x00000000080015f0                HAL_IncTick
 .text.HAL_GetTick
                0x0000000008001618       0x18 ./Drivers/STM32F4xx_HAL_Driver/Src/stm32f4xx_hal.o
                0x0000000008001618                HAL_GetTick
 .text.__NVIC_SetPriorityGrouping
                0x0000000008001630       0x48 ./Drivers/STM32F4xx_HAL_Driver/Src/stm32f4xx_hal_cortex.o
 .text.__NVIC_GetPriorityGrouping
                0x0000000008001678       0x1c ./Drivers/STM32F4xx_HAL_Driver/Src/stm32f4xx_hal_cortex.o
 .text.__NVIC_EnableIRQ
                0x0000000008001694       0x3c ./Drivers/STM32F4xx_HAL_Driver/Src/stm32f4xx_hal_cortex.o
 .text.__NVIC_SetPriority
                0x00000000080016d0       0x54 ./Drivers/STM32F4xx_HAL_Driver/Src/stm32f4xx_hal_cortex.o
 .text.NVIC_EncodePriority
                0x0000000008001724       0x66 ./Drivers/STM32F4xx_HAL_Driver/Src/stm32f4xx_hal_cortex.o
 *fill*         0x000000000800178a        0x2 
 .text.SysTick_Config
                0x000000000800178c       0x44 ./Drivers/STM32F4xx_HAL_Driver/Src/stm32f4xx_hal_cortex.o
 .text.HAL_NVIC_SetPriorityGrouping
                0x00000000080017d0       0x16 ./Drivers/STM32F4xx_HAL_Driver/Src/stm32f4xx_hal_cortex.o
                0x00000000080017d0                HAL_NVIC_SetPriorityGrouping
 .text.HAL_NVIC_SetPriority
                0x00000000080017e6       0x38 ./Drivers/STM32F4xx_HAL_Driver/Src/stm32f4xx_hal_cortex.o
                0x00000000080017e6                HAL_NVIC_SetPriority
 .text.HAL_NVIC_EnableIRQ
                0x000000000800181e       0x1c ./Drivers/STM32F4xx_HAL_Driver/Src/stm32f4xx_hal_cortex.o
                0x000000000800181e                HAL_NVIC_EnableIRQ
 .text.HAL_SYSTICK_Config
                0x000000000800183a       0x18 ./Drivers/STM32F4xx_HAL_Driver/Src/stm32f4xx_hal_cortex.o
                0x000000000800183a                HAL_SYSTICK_Config
 .text.HAL_DMA_Abort
                0x0000000008001852       0xe0 ./Drivers/STM32F4xx_HAL_Driver/Src/stm32f4xx_hal_dma.o
                0x0000000008001852                HAL_DMA_Abort
 .text.HAL_DMA_Abort_IT
                0x0000000008001932       0x44 ./Drivers/STM32F4xx_HAL_Driver/Src/stm32f4xx_hal_dma.o
                0x0000000008001932                HAL_DMA_Abort_IT
 *fill*         0x0000000008001976        0x2 
 .text.HAL_GPIO_Init
                0x0000000008001978      0x358 ./Drivers/STM32F4xx_HAL_Driver/Src/stm32f4xx_hal_gpio.o
                0x0000000008001978                HAL_GPIO_Init
 .text.HAL_GPIO_ReadPin
                0x0000000008001cd0       0x30 ./Drivers/STM32F4xx_HAL_Driver/Src/stm32f4xx_hal_gpio.o
                0x0000000008001cd0                HAL_GPIO_ReadPin
 .text.HAL_GPIO_WritePin
                0x0000000008001d00       0x32 ./Drivers/STM32F4xx_HAL_Driver/Src/stm32f4xx_hal_gpio.o
                0x0000000008001d00                HAL_GPIO_WritePin
 *fill*         0x0000000008001d32        0x2 
 .text.HAL_RCC_OscConfig
                0x0000000008001d34      0x4f0 ./Drivers/STM32F4xx_HAL_Driver/Src/stm32f4xx_hal_rcc.o
                0x0000000008001d34                HAL_RCC_OscConfig
 .text.HAL_RCC_ClockConfig
                0x0000000008002224      0x1cc ./Drivers/STM32F4xx_HAL_Driver/Src/stm32f4xx_hal_rcc.o
                0x0000000008002224                HAL_RCC_ClockConfig
 .text.HAL_RCC_GetSysClockFreq
                0x00000000080023f0      0x18c ./Drivers/STM32F4xx_HAL_Driver/Src/stm32f4xx_hal_rcc.o
                0x00000000080023f0                HAL_RCC_GetSysClockFreq
 .text.HAL_RCC_GetHCLKFreq
                0x000000000800257c       0x18 ./Drivers/STM32F4xx_HAL_Driver/Src/stm32f4xx_hal_rcc.o
                0x000000000800257c                HAL_RCC_GetHCLKFreq
 .text.HAL_RCC_GetPCLK1Freq
                0x0000000008002594       0x28 ./Drivers/STM32F4xx_HAL_Driver/Src/stm32f4xx_hal_rcc.o
                0x0000000008002594                HAL_RCC_GetPCLK1Freq
 .text.HAL_RCC_GetPCLK2Freq
                0x00000000080025bc       0x28 ./Drivers/STM32F4xx_HAL_Driver/Src/stm32f4xx_hal_rcc.o
                0x00000000080025bc                HAL_RCC_GetPCLK2Freq
 .text.HAL_UART_Init
                0x00000000080025e4       0x9a ./Drivers/STM32F4xx_HAL_Driver/Src/stm32f4xx_hal_uart.o
                0x00000000080025e4                HAL_UART_Init
 .text.HAL_UART_Transmit
                0x000000000800267e      0x124 ./Drivers/STM32F4xx_HAL_Driver/Src/stm32f4xx_hal_uart.o
                0x000000000800267e                HAL_UART_Transmit
 .text.HAL_UART_Receive
                0x00000000080027a2      0x144 ./Drivers/STM32F4xx_HAL_Driver/Src/stm32f4xx_hal_uart.o
                0x00000000080027a2                HAL_UART_Receive
 .text.HAL_UART_Transmit_IT
                0x00000000080028e6       0x8a ./Drivers/STM32F4xx_HAL_Driver/Src/stm32f4xx_hal_uart.o
                0x00000000080028e6                HAL_UART_Transmit_IT
 .text.HAL_UART_Receive_IT
                0x0000000008002970       0x60 ./Drivers/STM32F4xx_HAL_Driver/Src/stm32f4xx_hal_uart.o
                0x0000000008002970                HAL_UART_Receive_IT
 .text.HAL_UART_IRQHandler
                0x00000000080029d0      0x51c ./Drivers/STM32F4xx_HAL_Driver/Src/stm32f4xx_hal_uart.o
                0x00000000080029d0                HAL_UART_IRQHandler
 .text.HAL_UART_ErrorCallback
                0x0000000008002eec       0x14 ./Drivers/STM32F4xx_HAL_Driver/Src/stm32f4xx_hal_uart.o
                0x0000000008002eec                HAL_UART_ErrorCallback
 .text.HAL_UARTEx_RxEventCallback
                0x0000000008002f00       0x18 ./Drivers/STM32F4xx_HAL_Driver/Src/stm32f4xx_hal_uart.o
                0x0000000008002f00                HAL_UARTEx_RxEventCallback
 .text.UART_WaitOnFlagUntilTimeout
                0x0000000008002f18       0xdc ./Drivers/STM32F4xx_HAL_Driver/Src/stm32f4xx_hal_uart.o
 .text.UART_Start_Receive_IT
                0x0000000008002ff4       0x7c ./Drivers/STM32F4xx_HAL_Driver/Src/stm32f4xx_hal_uart.o
                0x0000000008002ff4                UART_Start_Receive_IT
 .text.UART_EndRxTransfer
                0x0000000008003070       0xc6 ./Drivers/STM32F4xx_HAL_Driver/Src/stm32f4xx_hal_uart.o
 .text.UART_DMAAbortOnError
                0x0000000008003136       0x28 ./Drivers/STM32F4xx_HAL_Driver/Src/stm32f4xx_hal_uart.o
 .text.UART_Transmit_IT
                0x000000000800315e       0xa0 ./Drivers/STM32F4xx_HAL_Driver/Src/stm32f4xx_hal_uart.o
 .text.UART_EndTransmit_IT
                0x00000000080031fe       0x30 ./Drivers/STM32F4xx_HAL_Driver/Src/stm32f4xx_hal_uart.o
 .text.UART_Receive_IT
                0x000000000800322e      0x176 ./Drivers/STM32F4xx_HAL_Driver/Src/stm32f4xx_hal_uart.o
 .text.UART_SetConfig
                0x00000000080033a4      0x4e8 ./Drivers/STM32F4xx_HAL_Driver/Src/stm32f4xx_hal_uart.o
 .text.atoi     0x000000000800388c        0x8 d:/stm32cubeide_1.9.0/stm32cubeide/plugins/com.st.stm32cube.ide.mcu.externaltools.gnu-tools-for-stm32.10.3-2021.10.win32_1.0.0.202111181127/tools/bin/../lib/gcc/arm-none-eabi/10.3.1/../../../../arm-none-eabi/lib/thumb/v7e-m+fp/hard\libc_nano.a(lib_a-atoi.o)
                0x000000000800388c                atoi
 .text.__errno  0x0000000008003894        0xc d:/stm32cubeide_1.9.0/stm32cubeide/plugins/com.st.stm32cube.ide.mcu.externaltools.gnu-tools-for-stm32.10.3-2021.10.win32_1.0.0.202111181127/tools/bin/../lib/gcc/arm-none-eabi/10.3.1/../../../../arm-none-eabi/lib/thumb/v7e-m+fp/hard\libc_nano.a(lib_a-errno.o)
                0x0000000008003894                __errno
 .text.__libc_init_array
                0x00000000080038a0       0x48 d:/stm32cubeide_1.9.0/stm32cubeide/plugins/com.st.stm32cube.ide.mcu.externaltools.gnu-tools-for-stm32.10.3-2021.10.win32_1.0.0.202111181127/tools/bin/../lib/gcc/arm-none-eabi/10.3.1/../../../../arm-none-eabi/lib/thumb/v7e-m+fp/hard\libc_nano.a(lib_a-init.o)
                0x00000000080038a0                __libc_init_array
 .text.malloc   0x00000000080038e8       0x10 d:/stm32cubeide_1.9.0/stm32cubeide/plugins/com.st.stm32cube.ide.mcu.externaltools.gnu-tools-for-stm32.10.3-2021.10.win32_1.0.0.202111181127/tools/bin/../lib/gcc/arm-none-eabi/10.3.1/../../../../arm-none-eabi/lib/thumb/v7e-m+fp/hard\libc_nano.a(lib_a-malloc.o)
                0x00000000080038e8                malloc
 .text.memcpy   0x00000000080038f8       0x1c d:/stm32cubeide_1.9.0/stm32cubeide/plugins/com.st.stm32cube.ide.mcu.externaltools.gnu-tools-for-stm32.10.3-2021.10.win32_1.0.0.202111181127/tools/bin/../lib/gcc/arm-none-eabi/10.3.1/../../../../arm-none-eabi/lib/thumb/v7e-m+fp/hard\libc_nano.a(lib_a-memcpy-stub.o)
                0x00000000080038f8                memcpy
 .text.memset   0x0000000008003914       0x10 d:/stm32cubeide_1.9.0/stm32cubeide/plugins/com.st.stm32cube.ide.mcu.externaltools.gnu-tools-for-stm32.10.3-2021.10.win32_1.0.0.202111181127/tools/bin/../lib/gcc/arm-none-eabi/10.3.1/../../../../arm-none-eabi/lib/thumb/v7e-m+fp/hard\libc_nano.a(lib_a-memset.o)
                0x0000000008003914                memset
 .text._free_r  0x0000000008003924       0x98 d:/stm32cubeide_1.9.0/stm32cubeide/plugins/com.st.stm32cube.ide.mcu.externaltools.gnu-tools-for-stm32.10.3-2021.10.win32_1.0.0.202111181127/tools/bin/../lib/gcc/arm-none-eabi/10.3.1/../../../../arm-none-eabi/lib/thumb/v7e-m+fp/hard\libc_nano.a(lib_a-nano-freer.o)
                0x0000000008003924                _free_r
 .text.sbrk_aligned
                0x00000000080039bc       0x40 d:/stm32cubeide_1.9.0/stm32cubeide/plugins/com.st.stm32cube.ide.mcu.externaltools.gnu-tools-for-stm32.10.3-2021.10.win32_1.0.0.202111181127/tools/bin/../lib/gcc/arm-none-eabi/10.3.1/../../../../arm-none-eabi/lib/thumb/v7e-m+fp/hard\libc_nano.a(lib_a-nano-mallocr.o)
 .text._malloc_r
                0x00000000080039fc       0xe8 d:/stm32cubeide_1.9.0/stm32cubeide/plugins/com.st.stm32cube.ide.mcu.externaltools.gnu-tools-for-stm32.10.3-2021.10.win32_1.0.0.202111181127/tools/bin/../lib/gcc/arm-none-eabi/10.3.1/../../../../arm-none-eabi/lib/thumb/v7e-m+fp/hard\libc_nano.a(lib_a-nano-mallocr.o)
                0x00000000080039fc                _malloc_r
 .text._sbrk_r  0x0000000008003ae4       0x20 d:/stm32cubeide_1.9.0/stm32cubeide/plugins/com.st.stm32cube.ide.mcu.externaltools.gnu-tools-for-stm32.10.3-2021.10.win32_1.0.0.202111181127/tools/bin/../lib/gcc/arm-none-eabi/10.3.1/../../../../arm-none-eabi/lib/thumb/v7e-m+fp/hard\libc_nano.a(lib_a-sbrkr.o)
                0x0000000008003ae4                _sbrk_r
 .text.sprintf  0x0000000008003b04       0x40 d:/stm32cubeide_1.9.0/stm32cubeide/plugins/com.st.stm32cube.ide.mcu.externaltools.gnu-tools-for-stm32.10.3-2021.10.win32_1.0.0.202111181127/tools/bin/../lib/gcc/arm-none-eabi/10.3.1/../../../../arm-none-eabi/lib/thumb/v7e-m+fp/hard\libc_nano.a(lib_a-sprintf.o)
                0x0000000008003b04                siprintf
                0x0000000008003b04                sprintf
 .text.strcat   0x0000000008003b44       0x1e d:/stm32cubeide_1.9.0/stm32cubeide/plugins/com.st.stm32cube.ide.mcu.externaltools.gnu-tools-for-stm32.10.3-2021.10.win32_1.0.0.202111181127/tools/bin/../lib/gcc/arm-none-eabi/10.3.1/../../../../arm-none-eabi/lib/thumb/v7e-m+fp/hard\libc_nano.a(lib_a-strcat.o)
                0x0000000008003b44                strcat
 *fill*         0x0000000008003b62        0x2 
 .text._strtol_l.constprop.0
                0x0000000008003b64      0x104 d:/stm32cubeide_1.9.0/stm32cubeide/plugins/com.st.stm32cube.ide.mcu.externaltools.gnu-tools-for-stm32.10.3-2021.10.win32_1.0.0.202111181127/tools/bin/../lib/gcc/arm-none-eabi/10.3.1/../../../../arm-none-eabi/lib/thumb/v7e-m+fp/hard\libc_nano.a(lib_a-strtol.o)
 .text.strtol   0x0000000008003c68       0x14 d:/stm32cubeide_1.9.0/stm32cubeide/plugins/com.st.stm32cube.ide.mcu.externaltools.gnu-tools-for-stm32.10.3-2021.10.win32_1.0.0.202111181127/tools/bin/../lib/gcc/arm-none-eabi/10.3.1/../../../../arm-none-eabi/lib/thumb/v7e-m+fp/hard\libc_nano.a(lib_a-strtol.o)
                0x0000000008003c68                strtol
 .text.__malloc_lock
                0x0000000008003c7c        0xc d:/stm32cubeide_1.9.0/stm32cubeide/plugins/com.st.stm32cube.ide.mcu.externaltools.gnu-tools-for-stm32.10.3-2021.10.win32_1.0.0.202111181127/tools/bin/../lib/gcc/arm-none-eabi/10.3.1/../../../../arm-none-eabi/lib/thumb/v7e-m+fp/hard\libc_nano.a(lib_a-mlock.o)
                0x0000000008003c7c                __malloc_lock
 .text.__malloc_unlock
                0x0000000008003c88        0xc d:/stm32cubeide_1.9.0/stm32cubeide/plugins/com.st.stm32cube.ide.mcu.externaltools.gnu-tools-for-stm32.10.3-2021.10.win32_1.0.0.202111181127/tools/bin/../lib/gcc/arm-none-eabi/10.3.1/../../../../arm-none-eabi/lib/thumb/v7e-m+fp/hard\libc_nano.a(lib_a-mlock.o)
                0x0000000008003c88                __malloc_unlock
 .text.__ssputs_r
                0x0000000008003c94       0xb6 d:/stm32cubeide_1.9.0/stm32cubeide/plugins/com.st.stm32cube.ide.mcu.externaltools.gnu-tools-for-stm32.10.3-2021.10.win32_1.0.0.202111181127/tools/bin/../lib/gcc/arm-none-eabi/10.3.1/../../../../arm-none-eabi/lib/thumb/v7e-m+fp/hard\libc_nano.a(lib_a-nano-svfprintf.o)
                0x0000000008003c94                __ssputs_r
 *fill*         0x0000000008003d4a        0x2 
 .text._svfprintf_r
                0x0000000008003d4c      0x200 d:/stm32cubeide_1.9.0/stm32cubeide/plugins/com.st.stm32cube.ide.mcu.externaltools.gnu-tools-for-stm32.10.3-2021.10.win32_1.0.0.202111181127/tools/bin/../lib/gcc/arm-none-eabi/10.3.1/../../../../arm-none-eabi/lib/thumb/v7e-m+fp/hard\libc_nano.a(lib_a-nano-svfprintf.o)
                0x0000000008003d4c                _svfiprintf_r
                0x0000000008003d4c                _svfprintf_r
 .text._printf_common
                0x0000000008003f4c       0xda d:/stm32cubeide_1.9.0/stm32cubeide/plugins/com.st.stm32cube.ide.mcu.externaltools.gnu-tools-for-stm32.10.3-2021.10.win32_1.0.0.202111181127/tools/bin/../lib/gcc/arm-none-eabi/10.3.1/../../../../arm-none-eabi/lib/thumb/v7e-m+fp/hard\libc_nano.a(lib_a-nano-vfprintf_i.o)
                0x0000000008003f4c                _printf_common
 *fill*         0x0000000008004026        0x2 
 .text._printf_i
                0x0000000008004028      0x24c d:/stm32cubeide_1.9.0/stm32cubeide/plugins/com.st.stm32cube.ide.mcu.externaltools.gnu-tools-for-stm32.10.3-2021.10.win32_1.0.0.202111181127/tools/bin/../lib/gcc/arm-none-eabi/10.3.1/../../../../arm-none-eabi/lib/thumb/v7e-m+fp/hard\libc_nano.a(lib_a-nano-vfprintf_i.o)
                0x0000000008004028                _printf_i
 .text.__retarget_lock_acquire_recursive
                0x0000000008004274        0x2 d:/stm32cubeide_1.9.0/stm32cubeide/plugins/com.st.stm32cube.ide.mcu.externaltools.gnu-tools-for-stm32.10.3-2021.10.win32_1.0.0.202111181127/tools/bin/../lib/gcc/arm-none-eabi/10.3.1/../../../../arm-none-eabi/lib/thumb/v7e-m+fp/hard\libc_nano.a(lib_a-lock.o)
                0x0000000008004274                __retarget_lock_acquire_recursive
 .text.__retarget_lock_release_recursive
                0x0000000008004276        0x2 d:/stm32cubeide_1.9.0/stm32cubeide/plugins/com.st.stm32cube.ide.mcu.externaltools.gnu-tools-for-stm32.10.3-2021.10.win32_1.0.0.202111181127/tools/bin/../lib/gcc/arm-none-eabi/10.3.1/../../../../arm-none-eabi/lib/thumb/v7e-m+fp/hard\libc_nano.a(lib_a-lock.o)
                0x0000000008004276                __retarget_lock_release_recursive
 .text.memmove  0x0000000008004278       0x34 d:/stm32cubeide_1.9.0/stm32cubeide/plugins/com.st.stm32cube.ide.mcu.externaltools.gnu-tools-for-stm32.10.3-2021.10.win32_1.0.0.202111181127/tools/bin/../lib/gcc/arm-none-eabi/10.3.1/../../../../arm-none-eabi/lib/thumb/v7e-m+fp/hard\libc_nano.a(lib_a-memmove.o)
                0x0000000008004278                memmove
 .text._realloc_r
                0x00000000080042ac       0x5e d:/stm32cubeide_1.9.0/stm32cubeide/plugins/com.st.stm32cube.ide.mcu.externaltools.gnu-tools-for-stm32.10.3-2021.10.win32_1.0.0.202111181127/tools/bin/../lib/gcc/arm-none-eabi/10.3.1/../../../../arm-none-eabi/lib/thumb/v7e-m+fp/hard\libc_nano.a(lib_a-nano-reallocr.o)
                0x00000000080042ac                _realloc_r
 .text._malloc_usable_size_r
                0x000000000800430a       0x10 d:/stm32cubeide_1.9.0/stm32cubeide/plugins/com.st.stm32cube.ide.mcu.externaltools.gnu-tools-for-stm32.10.3-2021.10.win32_1.0.0.202111181127/tools/bin/../lib/gcc/arm-none-eabi/10.3.1/../../../../arm-none-eabi/lib/thumb/v7e-m+fp/hard\libc_nano.a(lib_a-nano-msizer.o)
                0x000000000800430a                _malloc_usable_size_r
 *(.glue_7)
 .glue_7        0x000000000800431a        0x0 linker stubs
 *(.glue_7t)
 .glue_7t       0x000000000800431a        0x0 linker stubs
 *(.eh_frame)
 *fill*         0x000000000800431a        0x2 
 .eh_frame      0x000000000800431c        0x0 d:/stm32cubeide_1.9.0/stm32cubeide/plugins/com.st.stm32cube.ide.mcu.externaltools.gnu-tools-for-stm32.10.3-2021.10.win32_1.0.0.202111181127/tools/bin/../lib/gcc/arm-none-eabi/10.3.1/thumb/v7e-m+fp/hard/crtbegin.o
 *(.init)
 .init          0x000000000800431c        0x4 d:/stm32cubeide_1.9.0/stm32cubeide/plugins/com.st.stm32cube.ide.mcu.externaltools.gnu-tools-for-stm32.10.3-2021.10.win32_1.0.0.202111181127/tools/bin/../lib/gcc/arm-none-eabi/10.3.1/thumb/v7e-m+fp/hard/crti.o
                0x000000000800431c                _init
 .init          0x0000000008004320        0x8 d:/stm32cubeide_1.9.0/stm32cubeide/plugins/com.st.stm32cube.ide.mcu.externaltools.gnu-tools-for-stm32.10.3-2021.10.win32_1.0.0.202111181127/tools/bin/../lib/gcc/arm-none-eabi/10.3.1/thumb/v7e-m+fp/hard/crtn.o
 *(.fini)
 .fini          0x0000000008004328        0x4 d:/stm32cubeide_1.9.0/stm32cubeide/plugins/com.st.stm32cube.ide.mcu.externaltools.gnu-tools-for-stm32.10.3-2021.10.win32_1.0.0.202111181127/tools/bin/../lib/gcc/arm-none-eabi/10.3.1/thumb/v7e-m+fp/hard/crti.o
                0x0000000008004328                _fini
 .fini          0x000000000800432c        0x8 d:/stm32cubeide_1.9.0/stm32cubeide/plugins/com.st.stm32cube.ide.mcu.externaltools.gnu-tools-for-stm32.10.3-2021.10.win32_1.0.0.202111181127/tools/bin/../lib/gcc/arm-none-eabi/10.3.1/thumb/v7e-m+fp/hard/crtn.o
                0x0000000008004334                . = ALIGN (0x4)
                0x0000000008004334                _etext = .

.vfp11_veneer   0x0000000008004334        0x0
 .vfp11_veneer  0x0000000008004334        0x0 linker stubs

.v4_bx          0x0000000008004334        0x0
 .v4_bx         0x0000000008004334        0x0 linker stubs

.iplt           0x0000000008004334        0x0
 .iplt          0x0000000008004334        0x0 d:/stm32cubeide_1.9.0/stm32cubeide/plugins/com.st.stm32cube.ide.mcu.externaltools.gnu-tools-for-stm32.10.3-2021.10.win32_1.0.0.202111181127/tools/bin/../lib/gcc/arm-none-eabi/10.3.1/thumb/v7e-m+fp/hard/crtbegin.o

.rodata         0x0000000008004334      0x1dc
                0x0000000008004334                . = ALIGN (0x4)
 *(.rodata)
 .rodata        0x0000000008004334       0x8f ./Core/Src/state_control.o
 *(.rodata*)
 *fill*         0x00000000080043c3        0x1 
 .rodata.AHBPrescTable
                0x00000000080043c4       0x10 ./Core/Src/system_stm32f4xx.o
                0x00000000080043c4                AHBPrescTable
 .rodata.APBPrescTable
                0x00000000080043d4        0x8 ./Core/Src/system_stm32f4xx.o
                0x00000000080043d4                APBPrescTable
 .rodata._ctype_
                0x00000000080043dc      0x101 d:/stm32cubeide_1.9.0/stm32cubeide/plugins/com.st.stm32cube.ide.mcu.externaltools.gnu-tools-for-stm32.10.3-2021.10.win32_1.0.0.202111181127/tools/bin/../lib/gcc/arm-none-eabi/10.3.1/../../../../arm-none-eabi/lib/thumb/v7e-m+fp/hard\libc_nano.a(lib_a-ctype_.o)
                0x00000000080043dc                _ctype_
 .rodata._svfprintf_r.str1.1
                0x00000000080044dd       0x11 d:/stm32cubeide_1.9.0/stm32cubeide/plugins/com.st.stm32cube.ide.mcu.externaltools.gnu-tools-for-stm32.10.3-2021.10.win32_1.0.0.202111181127/tools/bin/../lib/gcc/arm-none-eabi/10.3.1/../../../../arm-none-eabi/lib/thumb/v7e-m+fp/hard\libc_nano.a(lib_a-nano-svfprintf.o)
 .rodata._printf_i.str1.1
                0x00000000080044ee       0x22 d:/stm32cubeide_1.9.0/stm32cubeide/plugins/com.st.stm32cube.ide.mcu.externaltools.gnu-tools-for-stm32.10.3-2021.10.win32_1.0.0.202111181127/tools/bin/../lib/gcc/arm-none-eabi/10.3.1/../../../../arm-none-eabi/lib/thumb/v7e-m+fp/hard\libc_nano.a(lib_a-nano-vfprintf_i.o)
                0x0000000008004510                . = ALIGN (0x4)

.ARM.extab      0x0000000008004510        0x0
                0x0000000008004510                . = ALIGN (0x4)
 *(.ARM.extab* .gnu.linkonce.armextab.*)
                0x0000000008004510                . = ALIGN (0x4)

.ARM            0x0000000008004510        0x8
                0x0000000008004510                . = ALIGN (0x4)
                0x0000000008004510                __exidx_start = .
 *(.ARM.exidx*)
 .ARM.exidx     0x0000000008004510        0x8 d:/stm32cubeide_1.9.0/stm32cubeide/plugins/com.st.stm32cube.ide.mcu.externaltools.gnu-tools-for-stm32.10.3-2021.10.win32_1.0.0.202111181127/tools/bin/../lib/gcc/arm-none-eabi/10.3.1/thumb/v7e-m+fp/hard\libgcc.a(_udivmoddi4.o)
                0x0000000008004518                __exidx_end = .
                0x0000000008004518                . = ALIGN (0x4)

.rel.dyn        0x0000000008004518        0x0
 .rel.iplt      0x0000000008004518        0x0 d:/stm32cubeide_1.9.0/stm32cubeide/plugins/com.st.stm32cube.ide.mcu.externaltools.gnu-tools-for-stm32.10.3-2021.10.win32_1.0.0.202111181127/tools/bin/../lib/gcc/arm-none-eabi/10.3.1/thumb/v7e-m+fp/hard/crtbegin.o

.preinit_array  0x0000000008004518        0x0
                0x0000000008004518                . = ALIGN (0x4)
                0x0000000008004518                PROVIDE (__preinit_array_start = .)
 *(.preinit_array*)
                0x0000000008004518                PROVIDE (__preinit_array_end = .)
                0x0000000008004518                . = ALIGN (0x4)

.init_array     0x0000000008004518        0x4
                0x0000000008004518                . = ALIGN (0x4)
                0x0000000008004518                PROVIDE (__init_array_start = .)
 *(SORT_BY_NAME(.init_array.*))
 *(.init_array*)
 .init_array    0x0000000008004518        0x4 d:/stm32cubeide_1.9.0/stm32cubeide/plugins/com.st.stm32cube.ide.mcu.externaltools.gnu-tools-for-stm32.10.3-2021.10.win32_1.0.0.202111181127/tools/bin/../lib/gcc/arm-none-eabi/10.3.1/thumb/v7e-m+fp/hard/crtbegin.o
                0x000000000800451c                PROVIDE (__init_array_end = .)
                0x000000000800451c                . = ALIGN (0x4)

.fini_array     0x000000000800451c        0x4
                0x000000000800451c                . = ALIGN (0x4)
                [!provide]                        PROVIDE (__fini_array_start = .)
 *(SORT_BY_NAME(.fini_array.*))
 *(.fini_array*)
 .fini_array    0x000000000800451c        0x4 d:/stm32cubeide_1.9.0/stm32cubeide/plugins/com.st.stm32cube.ide.mcu.externaltools.gnu-tools-for-stm32.10.3-2021.10.win32_1.0.0.202111181127/tools/bin/../lib/gcc/arm-none-eabi/10.3.1/thumb/v7e-m+fp/hard/crtbegin.o
                [!provide]                        PROVIDE (__fini_array_end = .)
                0x0000000008004520                . = ALIGN (0x4)
                0x0000000008004520                _sidata = LOADADDR (.data)

.data           0x0000000020000000       0x94 load address 0x0000000008004520
                0x0000000020000000                . = ALIGN (0x4)
                0x0000000020000000                _sdata = .
 *(.data)
 *(.data*)
 .data.durations
                0x0000000020000000        0x6 ./Core/Src/main.o
 *fill*         0x0000000020000006        0x2 
 .data.color_names
                0x0000000020000008        0xc ./Core/Src/state_control.o
 .data.mode     0x0000000020000014        0x4 ./Core/Src/state_control.o
                0x0000000020000014                mode
 .data.SystemCoreClock
                0x0000000020000018        0x4 ./Core/Src/system_stm32f4xx.o
                0x0000000020000018                SystemCoreClock
 .data.durationRED
                0x000000002000001c        0x4 ./Core/Src/traffic_light.o
                0x000000002000001c                durationRED
 .data.durations
                0x0000000020000020        0x8 ./Core/Src/traffic_light.o
 .data.uwTickPrio
                0x0000000020000028        0x4 ./Drivers/STM32F4xx_HAL_Driver/Src/stm32f4xx_hal.o
                0x0000000020000028                uwTickPrio
 .data.uwTickFreq
                0x000000002000002c        0x1 ./Drivers/STM32F4xx_HAL_Driver/Src/stm32f4xx_hal.o
                0x000000002000002c                uwTickFreq
 *fill*         0x000000002000002d        0x3 
 .data._impure_ptr
                0x0000000020000030        0x4 d:/stm32cubeide_1.9.0/stm32cubeide/plugins/com.st.stm32cube.ide.mcu.externaltools.gnu-tools-for-stm32.10.3-2021.10.win32_1.0.0.202111181127/tools/bin/../lib/gcc/arm-none-eabi/10.3.1/../../../../arm-none-eabi/lib/thumb/v7e-m+fp/hard\libc_nano.a(lib_a-impure.o)
                0x0000000020000030                _impure_ptr
 .data.impure_data
                0x0000000020000034       0x60 d:/stm32cubeide_1.9.0/stm32cubeide/plugins/com.st.stm32cube.ide.mcu.externaltools.gnu-tools-for-stm32.10.3-2021.10.win32_1.0.0.202111181127/tools/bin/../lib/gcc/arm-none-eabi/10.3.1/../../../../arm-none-eabi/lib/thumb/v7e-m+fp/hard\libc_nano.a(lib_a-impure.o)
 *(.RamFunc)
 *(.RamFunc*)
                0x0000000020000094                . = ALIGN (0x4)
                0x0000000020000094                _edata = .
                0x00000000080045b4                _siccmram = LOADADDR (.ccmram)

.igot.plt       0x0000000020000094        0x0 load address 0x00000000080045b4
 .igot.plt      0x0000000020000094        0x0 d:/stm32cubeide_1.9.0/stm32cubeide/plugins/com.st.stm32cube.ide.mcu.externaltools.gnu-tools-for-stm32.10.3-2021.10.win32_1.0.0.202111181127/tools/bin/../lib/gcc/arm-none-eabi/10.3.1/thumb/v7e-m+fp/hard/crtbegin.o

.ccmram         0x0000000010000000        0x0 load address 0x00000000080045b4
                0x0000000010000000                . = ALIGN (0x4)
                0x0000000010000000                _sccmram = .
 *(.ccmram)
 *(.ccmram*)
                0x0000000010000000                . = ALIGN (0x4)
                0x0000000010000000                _eccmram = .
                0x0000000010000000                . = ALIGN (0x4)

.bss            0x0000000020000094      0x2b8
                0x0000000020000094                _sbss = .
                0x0000000020000094                __bss_start__ = _sbss
 *(.bss)
 .bss           0x0000000020000094       0x1c d:/stm32cubeide_1.9.0/stm32cubeide/plugins/com.st.stm32cube.ide.mcu.externaltools.gnu-tools-for-stm32.10.3-2021.10.win32_1.0.0.202111181127/tools/bin/../lib/gcc/arm-none-eabi/10.3.1/thumb/v7e-m+fp/hard/crtbegin.o
 *(.bss*)
 .bss.interruptsEnabled
                0x00000000200000b0        0x4 ./Core/Src/state_control.o
                0x00000000200000b0                interruptsEnabled
 .bss.setModeFlag
                0x00000000200000b4        0x4 ./Core/Src/state_control.o
                0x00000000200000b4                setModeFlag
 .bss.setTimeoutFlag
                0x00000000200000b8        0x4 ./Core/Src/state_control.o
                0x00000000200000b8                setTimeoutFlag
 .bss.timeout   0x00000000200000bc        0x4 ./Core/Src/state_control.o
                0x00000000200000bc                timeout
 .bss.__sbrk_heap_end
                0x00000000200000c0        0x4 ./Core/Src/sysmem.o
 .bss.leds      0x00000000200000c4        0xc ./Core/Src/traffic_light.o
 .bss.currentColor
                0x00000000200000d0        0x1 ./Core/Src/traffic_light.o
 .bss.nextColor
                0x00000000200000d1        0x1 ./Core/Src/traffic_light.o
 .bss.isCurrentFlashing
                0x00000000200000d2        0x1 ./Core/Src/traffic_light.o
 .bss.isNextFlashing
                0x00000000200000d3        0x1 ./Core/Src/traffic_light.o
 .bss.huart6    0x00000000200000d4       0x44 ./Core/Src/usart.o
                0x00000000200000d4                huart6
 .bss.port      0x0000000020000118        0x4 ./Core/Src/hardware/button.o
 .bss.pin       0x000000002000011c        0x2 ./Core/Src/hardware/button.o
 *fill*         0x000000002000011e        0x2 
 .bss.onClickHandler
                0x0000000020000120        0x4 ./Core/Src/hardware/button.o
 .bss.clickStart
                0x0000000020000124        0x4 ./Core/Src/hardware/button.o
 .bss.nextByte  0x0000000020000128        0x1 ./Core/Src/hardware/uart.o
                0x0000000020000128                nextByte
 *fill*         0x0000000020000129        0x3 
 .bss.transmitBuffer
                0x000000002000012c      0x200 ./Core/Src/hardware/uart.o
                0x000000002000012c                transmitBuffer
 .bss.needToTransmit
                0x000000002000032c        0x4 ./Core/Src/hardware/uart.o
                0x000000002000032c                needToTransmit
 .bss.buffer    0x0000000020000330        0x8 ./Core/Src/hardware/uart.o
                0x0000000020000330                buffer
 .bss.uwTick    0x0000000020000338        0x4 ./Drivers/STM32F4xx_HAL_Driver/Src/stm32f4xx_hal.o
                0x0000000020000338                uwTick
 .bss.__malloc_free_list
                0x000000002000033c        0x4 d:/stm32cubeide_1.9.0/stm32cubeide/plugins/com.st.stm32cube.ide.mcu.externaltools.gnu-tools-for-stm32.10.3-2021.10.win32_1.0.0.202111181127/tools/bin/../lib/gcc/arm-none-eabi/10.3.1/../../../../arm-none-eabi/lib/thumb/v7e-m+fp/hard\libc_nano.a(lib_a-nano-mallocr.o)
                0x000000002000033c                __malloc_free_list
 .bss.__malloc_sbrk_start
                0x0000000020000340        0x4 d:/stm32cubeide_1.9.0/stm32cubeide/plugins/com.st.stm32cube.ide.mcu.externaltools.gnu-tools-for-stm32.10.3-2021.10.win32_1.0.0.202111181127/tools/bin/../lib/gcc/arm-none-eabi/10.3.1/../../../../arm-none-eabi/lib/thumb/v7e-m+fp/hard\libc_nano.a(lib_a-nano-mallocr.o)
                0x0000000020000340                __malloc_sbrk_start
 .bss.errno     0x0000000020000344        0x4 d:/stm32cubeide_1.9.0/stm32cubeide/plugins/com.st.stm32cube.ide.mcu.externaltools.gnu-tools-for-stm32.10.3-2021.10.win32_1.0.0.202111181127/tools/bin/../lib/gcc/arm-none-eabi/10.3.1/../../../../arm-none-eabi/lib/thumb/v7e-m+fp/hard\libc_nano.a(lib_a-reent.o)
                0x0000000020000344                errno
 .bss.__lock___malloc_recursive_mutex
                0x0000000020000348        0x1 d:/stm32cubeide_1.9.0/stm32cubeide/plugins/com.st.stm32cube.ide.mcu.externaltools.gnu-tools-for-stm32.10.3-2021.10.win32_1.0.0.202111181127/tools/bin/../lib/gcc/arm-none-eabi/10.3.1/../../../../arm-none-eabi/lib/thumb/v7e-m+fp/hard\libc_nano.a(lib_a-lock.o)
                0x0000000020000348                __lock___malloc_recursive_mutex
 *(COMMON)
                0x000000002000034c                . = ALIGN (0x4)
 *fill*         0x0000000020000349        0x3 
                0x000000002000034c                _ebss = .
                0x000000002000034c                __bss_end__ = _ebss

._user_heap_stack
                0x000000002000034c      0x604
                0x0000000020000350                . = ALIGN (0x8)
 *fill*         0x000000002000034c        0x4 
                [!provide]                        PROVIDE (end = .)
                0x0000000020000350                PROVIDE (_end = .)
                0x0000000020000550                . = (. + _Min_Heap_Size)
 *fill*         0x0000000020000350      0x200 
                0x0000000020000950                . = (. + _Min_Stack_Size)
 *fill*         0x0000000020000550      0x400 
                0x0000000020000950                . = ALIGN (0x8)

/DISCARD/
 libc.a(*)
 libm.a(*)
 libgcc.a(*)

.ARM.attributes
                0x0000000000000000       0x30
 *(.ARM.attributes)
 .ARM.attributes
                0x0000000000000000       0x1e d:/stm32cubeide_1.9.0/stm32cubeide/plugins/com.st.stm32cube.ide.mcu.externaltools.gnu-tools-for-stm32.10.3-2021.10.win32_1.0.0.202111181127/tools/bin/../lib/gcc/arm-none-eabi/10.3.1/thumb/v7e-m+fp/hard/crti.o
 .ARM.attributes
                0x000000000000001e       0x34 d:/stm32cubeide_1.9.0/stm32cubeide/plugins/com.st.stm32cube.ide.mcu.externaltools.gnu-tools-for-stm32.10.3-2021.10.win32_1.0.0.202111181127/tools/bin/../lib/gcc/arm-none-eabi/10.3.1/thumb/v7e-m+fp/hard/crtbegin.o
 .ARM.attributes
                0x0000000000000052       0x34 ./Core/Src/buffer.o
 .ARM.attributes
                0x0000000000000086       0x34 ./Core/Src/gpio.o
 .ARM.attributes
                0x00000000000000ba       0x34 ./Core/Src/main.o
 .ARM.attributes
                0x00000000000000ee       0x34 ./Core/Src/state_control.o
 .ARM.attributes
                0x0000000000000122       0x34 ./Core/Src/stm32f4xx_hal_msp.o
 .ARM.attributes
                0x0000000000000156       0x34 ./Core/Src/stm32f4xx_it.o
 .ARM.attributes
                0x000000000000018a       0x34 ./Core/Src/sysmem.o
 .ARM.attributes
                0x00000000000001be       0x34 ./Core/Src/system_stm32f4xx.o
 .ARM.attributes
                0x00000000000001f2       0x34 ./Core/Src/traffic_light.o
 .ARM.attributes
                0x0000000000000226       0x34 ./Core/Src/usart.o
 .ARM.attributes
                0x000000000000025a       0x34 ./Core/Src/hardware/button.o
 .ARM.attributes
                0x000000000000028e       0x34 ./Core/Src/hardware/led.o
 .ARM.attributes
                0x00000000000002c2       0x34 ./Core/Src/hardware/uart.o
 .ARM.attributes
                0x00000000000002f6       0x21 ./Core/Startup/startup_stm32f427vitx.o
 .ARM.attributes
                0x0000000000000317       0x34 ./Drivers/STM32F4xx_HAL_Driver/Src/stm32f4xx_hal.o
 .ARM.attributes
                0x000000000000034b       0x34 ./Drivers/STM32F4xx_HAL_Driver/Src/stm32f4xx_hal_cortex.o
 .ARM.attributes
                0x000000000000037f       0x34 ./Drivers/STM32F4xx_HAL_Driver/Src/stm32f4xx_hal_dma.o
 .ARM.attributes
                0x00000000000003b3       0x34 ./Drivers/STM32F4xx_HAL_Driver/Src/stm32f4xx_hal_gpio.o
 .ARM.attributes
                0x00000000000003e7       0x34 ./Drivers/STM32F4xx_HAL_Driver/Src/stm32f4xx_hal_rcc.o
 .ARM.attributes
                0x000000000000041b       0x34 ./Drivers/STM32F4xx_HAL_Driver/Src/stm32f4xx_hal_uart.o
 .ARM.attributes
                0x000000000000044f       0x34 d:/stm32cubeide_1.9.0/stm32cubeide/plugins/com.st.stm32cube.ide.mcu.externaltools.gnu-tools-for-stm32.10.3-2021.10.win32_1.0.0.202111181127/tools/bin/../lib/gcc/arm-none-eabi/10.3.1/../../../../arm-none-eabi/lib/thumb/v7e-m+fp/hard\libc_nano.a(lib_a-atoi.o)
 .ARM.attributes
                0x0000000000000483       0x34 d:/stm32cubeide_1.9.0/stm32cubeide/plugins/com.st.stm32cube.ide.mcu.externaltools.gnu-tools-for-stm32.10.3-2021.10.win32_1.0.0.202111181127/tools/bin/../lib/gcc/arm-none-eabi/10.3.1/../../../../arm-none-eabi/lib/thumb/v7e-m+fp/hard\libc_nano.a(lib_a-errno.o)
 .ARM.attributes
                0x00000000000004b7       0x34 d:/stm32cubeide_1.9.0/stm32cubeide/plugins/com.st.stm32cube.ide.mcu.externaltools.gnu-tools-for-stm32.10.3-2021.10.win32_1.0.0.202111181127/tools/bin/../lib/gcc/arm-none-eabi/10.3.1/../../../../arm-none-eabi/lib/thumb/v7e-m+fp/hard\libc_nano.a(lib_a-impure.o)
 .ARM.attributes
                0x00000000000004eb       0x34 d:/stm32cubeide_1.9.0/stm32cubeide/plugins/com.st.stm32cube.ide.mcu.externaltools.gnu-tools-for-stm32.10.3-2021.10.win32_1.0.0.202111181127/tools/bin/../lib/gcc/arm-none-eabi/10.3.1/../../../../arm-none-eabi/lib/thumb/v7e-m+fp/hard\libc_nano.a(lib_a-init.o)
 .ARM.attributes
                0x000000000000051f       0x34 d:/stm32cubeide_1.9.0/stm32cubeide/plugins/com.st.stm32cube.ide.mcu.externaltools.gnu-tools-for-stm32.10.3-2021.10.win32_1.0.0.202111181127/tools/bin/../lib/gcc/arm-none-eabi/10.3.1/../../../../arm-none-eabi/lib/thumb/v7e-m+fp/hard\libc_nano.a(lib_a-malloc.o)
 .ARM.attributes
                0x0000000000000553       0x34 d:/stm32cubeide_1.9.0/stm32cubeide/plugins/com.st.stm32cube.ide.mcu.externaltools.gnu-tools-for-stm32.10.3-2021.10.win32_1.0.0.202111181127/tools/bin/../lib/gcc/arm-none-eabi/10.3.1/../../../../arm-none-eabi/lib/thumb/v7e-m+fp/hard\libc_nano.a(lib_a-memcpy-stub.o)
 .ARM.attributes
                0x0000000000000587       0x34 d:/stm32cubeide_1.9.0/stm32cubeide/plugins/com.st.stm32cube.ide.mcu.externaltools.gnu-tools-for-stm32.10.3-2021.10.win32_1.0.0.202111181127/tools/bin/../lib/gcc/arm-none-eabi/10.3.1/../../../../arm-none-eabi/lib/thumb/v7e-m+fp/hard\libc_nano.a(lib_a-memset.o)
 .ARM.attributes
                0x00000000000005bb       0x34 d:/stm32cubeide_1.9.0/stm32cubeide/plugins/com.st.stm32cube.ide.mcu.externaltools.gnu-tools-for-stm32.10.3-2021.10.win32_1.0.0.202111181127/tools/bin/../lib/gcc/arm-none-eabi/10.3.1/../../../../arm-none-eabi/lib/thumb/v7e-m+fp/hard\libc_nano.a(lib_a-nano-freer.o)
 .ARM.attributes
                0x00000000000005ef       0x34 d:/stm32cubeide_1.9.0/stm32cubeide/plugins/com.st.stm32cube.ide.mcu.externaltools.gnu-tools-for-stm32.10.3-2021.10.win32_1.0.0.202111181127/tools/bin/../lib/gcc/arm-none-eabi/10.3.1/../../../../arm-none-eabi/lib/thumb/v7e-m+fp/hard\libc_nano.a(lib_a-nano-mallocr.o)
 .ARM.attributes
                0x0000000000000623       0x34 d:/stm32cubeide_1.9.0/stm32cubeide/plugins/com.st.stm32cube.ide.mcu.externaltools.gnu-tools-for-stm32.10.3-2021.10.win32_1.0.0.202111181127/tools/bin/../lib/gcc/arm-none-eabi/10.3.1/../../../../arm-none-eabi/lib/thumb/v7e-m+fp/hard\libc_nano.a(lib_a-sbrkr.o)
 .ARM.attributes
                0x0000000000000657       0x34 d:/stm32cubeide_1.9.0/stm32cubeide/plugins/com.st.stm32cube.ide.mcu.externaltools.gnu-tools-for-stm32.10.3-2021.10.win32_1.0.0.202111181127/tools/bin/../lib/gcc/arm-none-eabi/10.3.1/../../../../arm-none-eabi/lib/thumb/v7e-m+fp/hard\libc_nano.a(lib_a-sprintf.o)
 .ARM.attributes
                0x000000000000068b       0x34 d:/stm32cubeide_1.9.0/stm32cubeide/plugins/com.st.stm32cube.ide.mcu.externaltools.gnu-tools-for-stm32.10.3-2021.10.win32_1.0.0.202111181127/tools/bin/../lib/gcc/arm-none-eabi/10.3.1/../../../../arm-none-eabi/lib/thumb/v7e-m+fp/hard\libc_nano.a(lib_a-strcat.o)
 .ARM.attributes
                0x00000000000006bf       0x1c d:/stm32cubeide_1.9.0/stm32cubeide/plugins/com.st.stm32cube.ide.mcu.externaltools.gnu-tools-for-stm32.10.3-2021.10.win32_1.0.0.202111181127/tools/bin/../lib/gcc/arm-none-eabi/10.3.1/../../../../arm-none-eabi/lib/thumb/v7e-m+fp/hard\libc_nano.a(lib_a-strcmp.o)
 .ARM.attributes
                0x00000000000006db       0x17 d:/stm32cubeide_1.9.0/stm32cubeide/plugins/com.st.stm32cube.ide.mcu.externaltools.gnu-tools-for-stm32.10.3-2021.10.win32_1.0.0.202111181127/tools/bin/../lib/gcc/arm-none-eabi/10.3.1/../../../../arm-none-eabi/lib/thumb/v7e-m+fp/hard\libc_nano.a(lib_a-strlen.o)
 .ARM.attributes
                0x00000000000006f2       0x34 d:/stm32cubeide_1.9.0/stm32cubeide/plugins/com.st.stm32cube.ide.mcu.externaltools.gnu-tools-for-stm32.10.3-2021.10.win32_1.0.0.202111181127/tools/bin/../lib/gcc/arm-none-eabi/10.3.1/../../../../arm-none-eabi/lib/thumb/v7e-m+fp/hard\libc_nano.a(lib_a-strtol.o)
 .ARM.attributes
                0x0000000000000726       0x34 d:/stm32cubeide_1.9.0/stm32cubeide/plugins/com.st.stm32cube.ide.mcu.externaltools.gnu-tools-for-stm32.10.3-2021.10.win32_1.0.0.202111181127/tools/bin/../lib/gcc/arm-none-eabi/10.3.1/../../../../arm-none-eabi/lib/thumb/v7e-m+fp/hard\libc_nano.a(lib_a-ctype_.o)
 .ARM.attributes
                0x000000000000075a       0x34 d:/stm32cubeide_1.9.0/stm32cubeide/plugins/com.st.stm32cube.ide.mcu.externaltools.gnu-tools-for-stm32.10.3-2021.10.win32_1.0.0.202111181127/tools/bin/../lib/gcc/arm-none-eabi/10.3.1/../../../../arm-none-eabi/lib/thumb/v7e-m+fp/hard\libc_nano.a(lib_a-mlock.o)
 .ARM.attributes
                0x000000000000078e       0x34 d:/stm32cubeide_1.9.0/stm32cubeide/plugins/com.st.stm32cube.ide.mcu.externaltools.gnu-tools-for-stm32.10.3-2021.10.win32_1.0.0.202111181127/tools/bin/../lib/gcc/arm-none-eabi/10.3.1/../../../../arm-none-eabi/lib/thumb/v7e-m+fp/hard\libc_nano.a(lib_a-nano-svfprintf.o)
 .ARM.attributes
                0x00000000000007c2       0x34 d:/stm32cubeide_1.9.0/stm32cubeide/plugins/com.st.stm32cube.ide.mcu.externaltools.gnu-tools-for-stm32.10.3-2021.10.win32_1.0.0.202111181127/tools/bin/../lib/gcc/arm-none-eabi/10.3.1/../../../../arm-none-eabi/lib/thumb/v7e-m+fp/hard\libc_nano.a(lib_a-nano-vfprintf_i.o)
 .ARM.attributes
                0x00000000000007f6       0x34 d:/stm32cubeide_1.9.0/stm32cubeide/plugins/com.st.stm32cube.ide.mcu.externaltools.gnu-tools-for-stm32.10.3-2021.10.win32_1.0.0.202111181127/tools/bin/../lib/gcc/arm-none-eabi/10.3.1/../../../../arm-none-eabi/lib/thumb/v7e-m+fp/hard\libc_nano.a(lib_a-reent.o)
 .ARM.attributes
                0x000000000000082a       0x34 d:/stm32cubeide_1.9.0/stm32cubeide/plugins/com.st.stm32cube.ide.mcu.externaltools.gnu-tools-for-stm32.10.3-2021.10.win32_1.0.0.202111181127/tools/bin/../lib/gcc/arm-none-eabi/10.3.1/../../../../arm-none-eabi/lib/thumb/v7e-m+fp/hard\libc_nano.a(lib_a-lock.o)
 .ARM.attributes
                0x000000000000085e       0x1c d:/stm32cubeide_1.9.0/stm32cubeide/plugins/com.st.stm32cube.ide.mcu.externaltools.gnu-tools-for-stm32.10.3-2021.10.win32_1.0.0.202111181127/tools/bin/../lib/gcc/arm-none-eabi/10.3.1/../../../../arm-none-eabi/lib/thumb/v7e-m+fp/hard\libc_nano.a(lib_a-memchr.o)
 .ARM.attributes
                0x000000000000087a       0x34 d:/stm32cubeide_1.9.0/stm32cubeide/plugins/com.st.stm32cube.ide.mcu.externaltools.gnu-tools-for-stm32.10.3-2021.10.win32_1.0.0.202111181127/tools/bin/../lib/gcc/arm-none-eabi/10.3.1/../../../../arm-none-eabi/lib/thumb/v7e-m+fp/hard\libc_nano.a(lib_a-memmove.o)
 .ARM.attributes
                0x00000000000008ae       0x34 d:/stm32cubeide_1.9.0/stm32cubeide/plugins/com.st.stm32cube.ide.mcu.externaltools.gnu-tools-for-stm32.10.3-2021.10.win32_1.0.0.202111181127/tools/bin/../lib/gcc/arm-none-eabi/10.3.1/../../../../arm-none-eabi/lib/thumb/v7e-m+fp/hard\libc_nano.a(lib_a-nano-reallocr.o)
 .ARM.attributes
                0x00000000000008e2       0x34 d:/stm32cubeide_1.9.0/stm32cubeide/plugins/com.st.stm32cube.ide.mcu.externaltools.gnu-tools-for-stm32.10.3-2021.10.win32_1.0.0.202111181127/tools/bin/../lib/gcc/arm-none-eabi/10.3.1/../../../../arm-none-eabi/lib/thumb/v7e-m+fp/hard\libc_nano.a(lib_a-nano-msizer.o)
 .ARM.attributes
                0x0000000000000916       0x1e d:/stm32cubeide_1.9.0/stm32cubeide/plugins/com.st.stm32cube.ide.mcu.externaltools.gnu-tools-for-stm32.10.3-2021.10.win32_1.0.0.202111181127/tools/bin/../lib/gcc/arm-none-eabi/10.3.1/thumb/v7e-m+fp/hard\libgcc.a(_aeabi_uldivmod.o)
 .ARM.attributes
                0x0000000000000934       0x34 d:/stm32cubeide_1.9.0/stm32cubeide/plugins/com.st.stm32cube.ide.mcu.externaltools.gnu-tools-for-stm32.10.3-2021.10.win32_1.0.0.202111181127/tools/bin/../lib/gcc/arm-none-eabi/10.3.1/thumb/v7e-m+fp/hard\libgcc.a(_udivmoddi4.o)
 .ARM.attributes
                0x0000000000000968       0x1e d:/stm32cubeide_1.9.0/stm32cubeide/plugins/com.st.stm32cube.ide.mcu.externaltools.gnu-tools-for-stm32.10.3-2021.10.win32_1.0.0.202111181127/tools/bin/../lib/gcc/arm-none-eabi/10.3.1/thumb/v7e-m+fp/hard\libgcc.a(_dvmd_tls.o)
 .ARM.attributes
                0x0000000000000986       0x1e d:/stm32cubeide_1.9.0/stm32cubeide/plugins/com.st.stm32cube.ide.mcu.externaltools.gnu-tools-for-stm32.10.3-2021.10.win32_1.0.0.202111181127/tools/bin/../lib/gcc/arm-none-eabi/10.3.1/thumb/v7e-m+fp/hard/crtn.o
OUTPUT(lab2.elf elf32-littlearm)
LOAD linker stubs
LOAD d:/stm32cubeide_1.9.0/stm32cubeide/plugins/com.st.stm32cube.ide.mcu.externaltools.gnu-tools-for-stm32.10.3-2021.10.win32_1.0.0.202111181127/tools/bin/../lib/gcc/arm-none-eabi/10.3.1/../../../../arm-none-eabi/lib/thumb/v7e-m+fp/hard\libc.a
LOAD d:/stm32cubeide_1.9.0/stm32cubeide/plugins/com.st.stm32cube.ide.mcu.externaltools.gnu-tools-for-stm32.10.3-2021.10.win32_1.0.0.202111181127/tools/bin/../lib/gcc/arm-none-eabi/10.3.1/../../../../arm-none-eabi/lib/thumb/v7e-m+fp/hard\libm.a
LOAD d:/stm32cubeide_1.9.0/stm32cubeide/plugins/com.st.stm32cube.ide.mcu.externaltools.gnu-tools-for-stm32.10.3-2021.10.win32_1.0.0.202111181127/tools/bin/../lib/gcc/arm-none-eabi/10.3.1/thumb/v7e-m+fp/hard\libgcc.a

.debug_info     0x0000000000000000     0xa6a7
 .debug_info    0x0000000000000000      0x1f7 ./Core/Src/buffer.o
 .debug_info    0x00000000000001f7      0x48d ./Core/Src/gpio.o
 .debug_info    0x0000000000000684      0x789 ./Core/Src/main.o
 .debug_info    0x0000000000000e0d      0x3ad ./Core/Src/state_control.o
 .debug_info    0x00000000000011ba      0x2c4 ./Core/Src/stm32f4xx_hal_msp.o
 .debug_info    0x000000000000147e      0x665 ./Core/Src/stm32f4xx_it.o
 .debug_info    0x0000000000001ae3      0x171 ./Core/Src/sysmem.o
 .debug_info    0x0000000000001c54      0x53f ./Core/Src/system_stm32f4xx.o
 .debug_info    0x0000000000002193      0x48b ./Core/Src/traffic_light.o
 .debug_info    0x000000000000261e      0xc5a ./Core/Src/usart.o
 .debug_info    0x0000000000003278      0x2b5 ./Core/Src/hardware/button.o
 .debug_info    0x000000000000352d      0x48d ./Core/Src/hardware/led.o
 .debug_info    0x00000000000039ba      0x88b ./Core/Src/hardware/uart.o
 .debug_info    0x0000000000004245       0x22 ./Core/Startup/startup_stm32f427vitx.o
 .debug_info    0x0000000000004267      0x9e8 ./Drivers/STM32F4xx_HAL_Driver/Src/stm32f4xx_hal.o
 .debug_info    0x0000000000004c4f      0xe45 ./Drivers/STM32F4xx_HAL_Driver/Src/stm32f4xx_hal_cortex.o
 .debug_info    0x0000000000005a94      0x94f ./Drivers/STM32F4xx_HAL_Driver/Src/stm32f4xx_hal_dma.o
 .debug_info    0x00000000000063e3      0x786 ./Drivers/STM32F4xx_HAL_Driver/Src/stm32f4xx_hal_gpio.o
 .debug_info    0x0000000000006b69      0x982 ./Drivers/STM32F4xx_HAL_Driver/Src/stm32f4xx_hal_rcc.o
 .debug_info    0x00000000000074eb     0x31bc ./Drivers/STM32F4xx_HAL_Driver/Src/stm32f4xx_hal_uart.o

.debug_abbrev   0x0000000000000000     0x233e
 .debug_abbrev  0x0000000000000000      0x100 ./Core/Src/buffer.o
 .debug_abbrev  0x0000000000000100      0x146 ./Core/Src/gpio.o
 .debug_abbrev  0x0000000000000246      0x24b ./Core/Src/main.o
 .debug_abbrev  0x0000000000000491      0x1b2 ./Core/Src/state_control.o
 .debug_abbrev  0x0000000000000643       0xd4 ./Core/Src/stm32f4xx_hal_msp.o
 .debug_abbrev  0x0000000000000717      0x166 ./Core/Src/stm32f4xx_it.o
 .debug_abbrev  0x000000000000087d       0xbb ./Core/Src/sysmem.o
 .debug_abbrev  0x0000000000000938      0x116 ./Core/Src/system_stm32f4xx.o
 .debug_abbrev  0x0000000000000a4e      0x230 ./Core/Src/traffic_light.o
 .debug_abbrev  0x0000000000000c7e      0x205 ./Core/Src/usart.o
 .debug_abbrev  0x0000000000000e83      0x196 ./Core/Src/hardware/button.o
 .debug_abbrev  0x0000000000001019      0x216 ./Core/Src/hardware/led.o
 .debug_abbrev  0x000000000000122f      0x21d ./Core/Src/hardware/uart.o
 .debug_abbrev  0x000000000000144c       0x12 ./Core/Startup/startup_stm32f427vitx.o
 .debug_abbrev  0x000000000000145e      0x20d ./Drivers/STM32F4xx_HAL_Driver/Src/stm32f4xx_hal.o
 .debug_abbrev  0x000000000000166b      0x316 ./Drivers/STM32F4xx_HAL_Driver/Src/stm32f4xx_hal_cortex.o
 .debug_abbrev  0x0000000000001981      0x25b ./Drivers/STM32F4xx_HAL_Driver/Src/stm32f4xx_hal_dma.o
 .debug_abbrev  0x0000000000001bdc      0x1c4 ./Drivers/STM32F4xx_HAL_Driver/Src/stm32f4xx_hal_gpio.o
 .debug_abbrev  0x0000000000001da0      0x2aa ./Drivers/STM32F4xx_HAL_Driver/Src/stm32f4xx_hal_rcc.o
 .debug_abbrev  0x000000000000204a      0x2f4 ./Drivers/STM32F4xx_HAL_Driver/Src/stm32f4xx_hal_uart.o

.debug_aranges  0x0000000000000000      0x8b0
 .debug_aranges
                0x0000000000000000       0x48 ./Core/Src/buffer.o
 .debug_aranges
                0x0000000000000048       0x20 ./Core/Src/gpio.o
 .debug_aranges
                0x0000000000000068       0x38 ./Core/Src/main.o
 .debug_aranges
                0x00000000000000a0       0x30 ./Core/Src/state_control.o
 .debug_aranges
                0x00000000000000d0       0x20 ./Core/Src/stm32f4xx_hal_msp.o
 .debug_aranges
                0x00000000000000f0       0x68 ./Core/Src/stm32f4xx_it.o
 .debug_aranges
                0x0000000000000158       0x20 ./Core/Src/sysmem.o
 .debug_aranges
                0x0000000000000178       0x28 ./Core/Src/system_stm32f4xx.o
 .debug_aranges
                0x00000000000001a0       0x58 ./Core/Src/traffic_light.o
 .debug_aranges
                0x00000000000001f8       0x30 ./Core/Src/usart.o
 .debug_aranges
                0x0000000000000228       0x38 ./Core/Src/hardware/button.o
 .debug_aranges
                0x0000000000000260       0x60 ./Core/Src/hardware/led.o
 .debug_aranges
                0x00000000000002c0       0x40 ./Core/Src/hardware/uart.o
 .debug_aranges
                0x0000000000000300       0x28 ./Core/Startup/startup_stm32f427vitx.o
 .debug_aranges
                0x0000000000000328      0x100 ./Drivers/STM32F4xx_HAL_Driver/Src/stm32f4xx_hal.o
 .debug_aranges
                0x0000000000000428      0x118 ./Drivers/STM32F4xx_HAL_Driver/Src/stm32f4xx_hal_cortex.o
 .debug_aranges
                0x0000000000000540       0x90 ./Drivers/STM32F4xx_HAL_Driver/Src/stm32f4xx_hal_dma.o
 .debug_aranges
                0x00000000000005d0       0x58 ./Drivers/STM32F4xx_HAL_Driver/Src/stm32f4xx_hal_gpio.o
 .debug_aranges
                0x0000000000000628       0x88 ./Drivers/STM32F4xx_HAL_Driver/Src/stm32f4xx_hal_rcc.o
 .debug_aranges
                0x00000000000006b0      0x200 ./Drivers/STM32F4xx_HAL_Driver/Src/stm32f4xx_hal_uart.o

.debug_ranges   0x0000000000000000      0x7a8
 .debug_ranges  0x0000000000000000       0x38 ./Core/Src/buffer.o
 .debug_ranges  0x0000000000000038       0x10 ./Core/Src/gpio.o
 .debug_ranges  0x0000000000000048       0x28 ./Core/Src/main.o
 .debug_ranges  0x0000000000000070       0x20 ./Core/Src/state_control.o
 .debug_ranges  0x0000000000000090       0x10 ./Core/Src/stm32f4xx_hal_msp.o
 .debug_ranges  0x00000000000000a0       0x58 ./Core/Src/stm32f4xx_it.o
 .debug_ranges  0x00000000000000f8       0x10 ./Core/Src/sysmem.o
 .debug_ranges  0x0000000000000108       0x18 ./Core/Src/system_stm32f4xx.o
 .debug_ranges  0x0000000000000120       0x48 ./Core/Src/traffic_light.o
 .debug_ranges  0x0000000000000168       0x20 ./Core/Src/usart.o
 .debug_ranges  0x0000000000000188       0x28 ./Core/Src/hardware/button.o
 .debug_ranges  0x00000000000001b0       0x50 ./Core/Src/hardware/led.o
 .debug_ranges  0x0000000000000200       0x30 ./Core/Src/hardware/uart.o
 .debug_ranges  0x0000000000000230       0x20 ./Core/Startup/startup_stm32f427vitx.o
 .debug_ranges  0x0000000000000250       0xf0 ./Drivers/STM32F4xx_HAL_Driver/Src/stm32f4xx_hal.o
 .debug_ranges  0x0000000000000340      0x108 ./Drivers/STM32F4xx_HAL_Driver/Src/stm32f4xx_hal_cortex.o
 .debug_ranges  0x0000000000000448       0x80 ./Drivers/STM32F4xx_HAL_Driver/Src/stm32f4xx_hal_dma.o
 .debug_ranges  0x00000000000004c8       0x48 ./Drivers/STM32F4xx_HAL_Driver/Src/stm32f4xx_hal_gpio.o
 .debug_ranges  0x0000000000000510       0x78 ./Drivers/STM32F4xx_HAL_Driver/Src/stm32f4xx_hal_rcc.o
 .debug_ranges  0x0000000000000588      0x220 ./Drivers/STM32F4xx_HAL_Driver/Src/stm32f4xx_hal_uart.o

.debug_macro    0x0000000000000000    0x235c6
 .debug_macro   0x0000000000000000       0x73 ./Core/Src/buffer.o
 .debug_macro   0x0000000000000073      0xa78 ./Core/Src/buffer.o
 .debug_macro   0x0000000000000aeb       0x22 ./Core/Src/buffer.o
 .debug_macro   0x0000000000000b0d       0x8e ./Core/Src/buffer.o
 .debug_macro   0x0000000000000b9b       0x51 ./Core/Src/buffer.o
 .debug_macro   0x0000000000000bec      0x103 ./Core/Src/buffer.o
 .debug_macro   0x0000000000000cef       0x6a ./Core/Src/buffer.o
 .debug_macro   0x0000000000000d59      0x1df ./Core/Src/buffer.o
 .debug_macro   0x0000000000000f38      0x1d3 ./Core/Src/gpio.o
 .debug_macro   0x000000000000110b      0x295 ./Core/Src/gpio.o
 .debug_macro   0x00000000000013a0       0x2e ./Core/Src/gpio.o
 .debug_macro   0x00000000000013ce       0x28 ./Core/Src/gpio.o
 .debug_macro   0x00000000000013f6       0x1c ./Core/Src/gpio.o
 .debug_macro   0x0000000000001412       0x22 ./Core/Src/gpio.o
 .debug_macro   0x0000000000001434       0xd9 ./Core/Src/gpio.o
 .debug_macro   0x000000000000150d     0x102d ./Core/Src/gpio.o
 .debug_macro   0x000000000000253a      0x11f ./Core/Src/gpio.o
 .debug_macro   0x0000000000002659    0x178a0 ./Core/Src/gpio.o
 .debug_macro   0x0000000000019ef9       0x6d ./Core/Src/gpio.o
 .debug_macro   0x0000000000019f66     0x36f5 ./Core/Src/gpio.o
 .debug_macro   0x000000000001d65b      0x174 ./Core/Src/gpio.o
 .debug_macro   0x000000000001d7cf       0x5c ./Core/Src/gpio.o
 .debug_macro   0x000000000001d82b      0xc6d ./Core/Src/gpio.o
 .debug_macro   0x000000000001e498      0x9fe ./Core/Src/gpio.o
 .debug_macro   0x000000000001ee96      0x115 ./Core/Src/gpio.o
 .debug_macro   0x000000000001efab      0x16f ./Core/Src/gpio.o
 .debug_macro   0x000000000001f11a       0xa5 ./Core/Src/gpio.o
 .debug_macro   0x000000000001f1bf      0x182 ./Core/Src/gpio.o
 .debug_macro   0x000000000001f341      0x287 ./Core/Src/gpio.o
 .debug_macro   0x000000000001f5c8       0x5f ./Core/Src/gpio.o
 .debug_macro   0x000000000001f627      0x236 ./Core/Src/gpio.o
 .debug_macro   0x000000000001f85d      0x132 ./Core/Src/gpio.o
 .debug_macro   0x000000000001f98f      0x41d ./Core/Src/gpio.o
 .debug_macro   0x000000000001fdac       0x2e ./Core/Src/gpio.o
 .debug_macro   0x000000000001fdda      0x11a ./Core/Src/gpio.o
 .debug_macro   0x000000000001fef4       0xe2 ./Core/Src/gpio.o
 .debug_macro   0x000000000001ffd6       0x89 ./Core/Src/gpio.o
 .debug_macro   0x000000000002005f      0x295 ./Core/Src/gpio.o
 .debug_macro   0x00000000000202f4      0x134 ./Core/Src/gpio.o
 .debug_macro   0x0000000000020428       0x34 ./Core/Src/gpio.o
 .debug_macro   0x000000000002045c      0x223 ./Core/Src/main.o
 .debug_macro   0x000000000002067f       0x22 ./Core/Src/main.o
 .debug_macro   0x00000000000206a1       0x10 ./Core/Src/main.o
 .debug_macro   0x00000000000206b1      0x3ce ./Core/Src/state_control.o
 .debug_macro   0x0000000000020a7f       0x4c ./Core/Src/state_control.o
 .debug_macro   0x0000000000020acb       0x1e ./Core/Src/state_control.o
 .debug_macro   0x0000000000020ae9       0x94 ./Core/Src/state_control.o
 .debug_macro   0x0000000000020b7d       0x3c ./Core/Src/state_control.o
 .debug_macro   0x0000000000020bb9       0x34 ./Core/Src/state_control.o
 .debug_macro   0x0000000000020bed       0x16 ./Core/Src/state_control.o
 .debug_macro   0x0000000000020c03       0x43 ./Core/Src/state_control.o
 .debug_macro   0x0000000000020c46       0x57 ./Core/Src/state_control.o
 .debug_macro   0x0000000000020c9d       0x34 ./Core/Src/state_control.o
 .debug_macro   0x0000000000020cd1       0x10 ./Core/Src/state_control.o
 .debug_macro   0x0000000000020ce1       0x58 ./Core/Src/state_control.o
 .debug_macro   0x0000000000020d39       0x71 ./Core/Src/state_control.o
 .debug_macro   0x0000000000020daa       0x1c ./Core/Src/state_control.o
 .debug_macro   0x0000000000020dc6      0x12a ./Core/Src/state_control.o
 .debug_macro   0x0000000000020ef0      0x341 ./Core/Src/state_control.o
 .debug_macro   0x0000000000021231       0x10 ./Core/Src/state_control.o
 .debug_macro   0x0000000000021241       0x35 ./Core/Src/state_control.o
 .debug_macro   0x0000000000021276       0x20 ./Core/Src/state_control.o
 .debug_macro   0x0000000000021296       0x16 ./Core/Src/state_control.o
 .debug_macro   0x00000000000212ac       0x16 ./Core/Src/state_control.o
 .debug_macro   0x00000000000212c2       0x29 ./Core/Src/state_control.o
 .debug_macro   0x00000000000212eb       0x1c ./Core/Src/state_control.o
 .debug_macro   0x0000000000021307       0x10 ./Core/Src/state_control.o
 .debug_macro   0x0000000000021317       0x10 ./Core/Src/state_control.o
 .debug_macro   0x0000000000021327       0x1c ./Core/Src/state_control.o
 .debug_macro   0x0000000000021343       0x52 ./Core/Src/state_control.o
 .debug_macro   0x0000000000021395       0x22 ./Core/Src/state_control.o
 .debug_macro   0x00000000000213b7       0x10 ./Core/Src/state_control.o
 .debug_macro   0x00000000000213c7       0x52 ./Core/Src/state_control.o
 .debug_macro   0x0000000000021419       0xd5 ./Core/Src/state_control.o
 .debug_macro   0x00000000000214ee       0x1c ./Core/Src/state_control.o
 .debug_macro   0x000000000002150a       0x3d ./Core/Src/state_control.o
 .debug_macro   0x0000000000021547       0x16 ./Core/Src/state_control.o
 .debug_macro   0x000000000002155d      0x145 ./Core/Src/state_control.o
 .debug_macro   0x00000000000216a2       0x56 ./Core/Src/state_control.o
 .debug_macro   0x00000000000216f8       0x10 ./Core/Src/state_control.o
 .debug_macro   0x0000000000021708      0x1c9 ./Core/Src/stm32f4xx_hal_msp.o
 .debug_macro   0x00000000000218d1      0x1d3 ./Core/Src/stm32f4xx_it.o
 .debug_macro   0x0000000000021aa4       0xff ./Core/Src/sysmem.o
 .debug_macro   0x0000000000021ba3      0x23b ./Core/Src/sysmem.o
 .debug_macro   0x0000000000021dde      0x1ba ./Core/Src/system_stm32f4xx.o
 .debug_macro   0x0000000000021f98      0x1d7 ./Core/Src/traffic_light.o
 .debug_macro   0x000000000002216f      0x1d3 ./Core/Src/usart.o
 .debug_macro   0x0000000000022342      0x1d3 ./Core/Src/hardware/button.o
 .debug_macro   0x0000000000022515      0x27a ./Core/Src/hardware/led.o
 .debug_macro   0x000000000002278f       0x52 ./Core/Src/hardware/led.o
 .debug_macro   0x00000000000227e1       0x3c ./Core/Src/hardware/led.o
 .debug_macro   0x000000000002281d      0x2bc ./Core/Src/hardware/uart.o
 .debug_macro   0x0000000000022ad9      0x21a ./Drivers/STM32F4xx_HAL_Driver/Src/stm32f4xx_hal.o
 .debug_macro   0x0000000000022cf3      0x1ba ./Drivers/STM32F4xx_HAL_Driver/Src/stm32f4xx_hal_cortex.o
 .debug_macro   0x0000000000022ead      0x1c0 ./Drivers/STM32F4xx_HAL_Driver/Src/stm32f4xx_hal_dma.o
 .debug_macro   0x000000000002306d      0x1c0 ./Drivers/STM32F4xx_HAL_Driver/Src/stm32f4xx_hal_gpio.o
 .debug_macro   0x000000000002322d      0x1de ./Drivers/STM32F4xx_HAL_Driver/Src/stm32f4xx_hal_rcc.o
 .debug_macro   0x000000000002340b      0x1bb ./Drivers/STM32F4xx_HAL_Driver/Src/stm32f4xx_hal_uart.o

.debug_line     0x0000000000000000     0xc570
 .debug_line    0x0000000000000000      0x446 ./Core/Src/buffer.o
 .debug_line    0x0000000000000446      0x694 ./Core/Src/gpio.o
 .debug_line    0x0000000000000ada      0x7a2 ./Core/Src/main.o
 .debug_line    0x000000000000127c      0xa4a ./Core/Src/state_control.o
 .debug_line    0x0000000000001cc6      0x67a ./Core/Src/stm32f4xx_hal_msp.o
 .debug_line    0x0000000000002340      0x755 ./Core/Src/stm32f4xx_it.o
 .debug_line    0x0000000000002a95      0x4d6 ./Core/Src/sysmem.o
 .debug_line    0x0000000000002f6b      0x6fc ./Core/Src/system_stm32f4xx.o
 .debug_line    0x0000000000003667      0x7db ./Core/Src/traffic_light.o
 .debug_line    0x0000000000003e42      0x6e7 ./Core/Src/usart.o
 .debug_line    0x0000000000004529      0x72f ./Core/Src/hardware/button.o
 .debug_line    0x0000000000004c58      0x968 ./Core/Src/hardware/led.o
 .debug_line    0x00000000000055c0      0x8d8 ./Core/Src/hardware/uart.o
 .debug_line    0x0000000000005e98       0x88 ./Core/Startup/startup_stm32f427vitx.o
 .debug_line    0x0000000000005f20      0x998 ./Drivers/STM32F4xx_HAL_Driver/Src/stm32f4xx_hal.o
 .debug_line    0x00000000000068b8      0xc11 ./Drivers/STM32F4xx_HAL_Driver/Src/stm32f4xx_hal_cortex.o
 .debug_line    0x00000000000074c9      0xec6 ./Drivers/STM32F4xx_HAL_Driver/Src/stm32f4xx_hal_dma.o
 .debug_line    0x000000000000838f      0xafe ./Drivers/STM32F4xx_HAL_Driver/Src/stm32f4xx_hal_gpio.o
 .debug_line    0x0000000000008e8d      0xcdc ./Drivers/STM32F4xx_HAL_Driver/Src/stm32f4xx_hal_rcc.o
 .debug_line    0x0000000000009b69     0x2a07 ./Drivers/STM32F4xx_HAL_Driver/Src/stm32f4xx_hal_uart.o

.debug_str      0x0000000000000000    0xcfda6
 .debug_str     0x0000000000000000     0x3b1e ./Core/Src/buffer.o
                                       0x3c98 (size before relaxing)
 .debug_str     0x0000000000003b1e    0xc55b6 ./Core/Src/gpio.o
                                      0xc92b0 (size before relaxing)
 .debug_str     0x00000000000c90d4      0x3a4 ./Core/Src/main.o
                                      0xc95e7 (size before relaxing)
 .debug_str     0x00000000000c9478     0x3fac ./Core/Src/state_control.o
                                      0xcd180 (size before relaxing)
 .debug_str     0x00000000000cd424       0x2c ./Core/Src/stm32f4xx_hal_msp.o
                                      0xc91e5 (size before relaxing)
 .debug_str     0x00000000000cd450      0x4d4 ./Core/Src/stm32f4xx_it.o
                                      0xc95e0 (size before relaxing)
 .debug_str     0x00000000000cd924      0x4da ./Core/Src/sysmem.o
                                       0x5daa (size before relaxing)
 .debug_str     0x00000000000cddfe       0xdb ./Core/Src/system_stm32f4xx.o
                                      0xc91d7 (size before relaxing)
 .debug_str     0x00000000000cded9      0x120 ./Core/Src/traffic_light.o
                                      0xc9273 (size before relaxing)
 .debug_str     0x00000000000cdff9      0x5cf ./Core/Src/usart.o
                                      0xc9cc6 (size before relaxing)
 .debug_str     0x00000000000ce5c8       0x92 ./Core/Src/hardware/button.o
                                      0xc9193 (size before relaxing)
 .debug_str     0x00000000000ce65a      0x112 ./Core/Src/hardware/led.o
                                      0xcac1c (size before relaxing)
 .debug_str     0x00000000000ce76c       0xd3 ./Core/Src/hardware/uart.o
                                      0xcc4f0 (size before relaxing)
 .debug_str     0x00000000000ce83f       0x36 ./Core/Startup/startup_stm32f427vitx.o
                                         0x6c (size before relaxing)
 .debug_str     0x00000000000ce875      0x646 ./Drivers/STM32F4xx_HAL_Driver/Src/stm32f4xx_hal.o
                                      0xc9de3 (size before relaxing)
 .debug_str     0x00000000000ceebb      0x323 ./Drivers/STM32F4xx_HAL_Driver/Src/stm32f4xx_hal_cortex.o
                                      0xc9ac8 (size before relaxing)
 .debug_str     0x00000000000cf1de      0x320 ./Drivers/STM32F4xx_HAL_Driver/Src/stm32f4xx_hal_dma.o
                                      0xc95de (size before relaxing)
 .debug_str     0x00000000000cf4fe      0x101 ./Drivers/STM32F4xx_HAL_Driver/Src/stm32f4xx_hal_gpio.o
                                      0xc9352 (size before relaxing)
 .debug_str     0x00000000000cf5ff      0x233 ./Drivers/STM32F4xx_HAL_Driver/Src/stm32f4xx_hal_rcc.o
                                      0xc960b (size before relaxing)
 .debug_str     0x00000000000cf832      0x574 ./Drivers/STM32F4xx_HAL_Driver/Src/stm32f4xx_hal_uart.o
                                      0xc9b97 (size before relaxing)

.comment        0x0000000000000000       0x50
 .comment       0x0000000000000000       0x50 ./Core/Src/buffer.o
                                         0x51 (size before relaxing)
 .comment       0x0000000000000050       0x51 ./Core/Src/gpio.o
 .comment       0x0000000000000050       0x51 ./Core/Src/main.o
 .comment       0x0000000000000050       0x51 ./Core/Src/state_control.o
 .comment       0x0000000000000050       0x51 ./Core/Src/stm32f4xx_hal_msp.o
 .comment       0x0000000000000050       0x51 ./Core/Src/stm32f4xx_it.o
 .comment       0x0000000000000050       0x51 ./Core/Src/sysmem.o
 .comment       0x0000000000000050       0x51 ./Core/Src/system_stm32f4xx.o
 .comment       0x0000000000000050       0x51 ./Core/Src/traffic_light.o
 .comment       0x0000000000000050       0x51 ./Core/Src/usart.o
 .comment       0x0000000000000050       0x51 ./Core/Src/hardware/button.o
 .comment       0x0000000000000050       0x51 ./Core/Src/hardware/led.o
 .comment       0x0000000000000050       0x51 ./Core/Src/hardware/uart.o
 .comment       0x0000000000000050       0x51 ./Drivers/STM32F4xx_HAL_Driver/Src/stm32f4xx_hal.o
 .comment       0x0000000000000050       0x51 ./Drivers/STM32F4xx_HAL_Driver/Src/stm32f4xx_hal_cortex.o
 .comment       0x0000000000000050       0x51 ./Drivers/STM32F4xx_HAL_Driver/Src/stm32f4xx_hal_dma.o
 .comment       0x0000000000000050       0x51 ./Drivers/STM32F4xx_HAL_Driver/Src/stm32f4xx_hal_gpio.o
 .comment       0x0000000000000050       0x51 ./Drivers/STM32F4xx_HAL_Driver/Src/stm32f4xx_hal_rcc.o
 .comment       0x0000000000000050       0x51 ./Drivers/STM32F4xx_HAL_Driver/Src/stm32f4xx_hal_uart.o

.debug_frame    0x0000000000000000     0x254c
 .debug_frame   0x0000000000000000       0xfc ./Core/Src/buffer.o
 .debug_frame   0x00000000000000fc       0x34 ./Core/Src/gpio.o
 .debug_frame   0x0000000000000130       0x88 ./Core/Src/main.o
 .debug_frame   0x00000000000001b8       0x80 ./Core/Src/state_control.o
 .debug_frame   0x0000000000000238       0x38 ./Core/Src/stm32f4xx_hal_msp.o
 .debug_frame   0x0000000000000270      0x120 ./Core/Src/stm32f4xx_it.o
 .debug_frame   0x0000000000000390       0x34 ./Core/Src/sysmem.o
 .debug_frame   0x00000000000003c4       0x58 ./Core/Src/system_stm32f4xx.o
 .debug_frame   0x000000000000041c      0x120 ./Core/Src/traffic_light.o
 .debug_frame   0x000000000000053c       0x74 ./Core/Src/usart.o
 .debug_frame   0x00000000000005b0       0xa0 ./Core/Src/hardware/button.o
 .debug_frame   0x0000000000000650      0x15c ./Core/Src/hardware/led.o
 .debug_frame   0x00000000000007ac       0xcc ./Core/Src/hardware/uart.o
 .debug_frame   0x0000000000000878      0x3b4 ./Drivers/STM32F4xx_HAL_Driver/Src/stm32f4xx_hal.o
 .debug_frame   0x0000000000000c2c      0x498 ./Drivers/STM32F4xx_HAL_Driver/Src/stm32f4xx_hal_cortex.o
 .debug_frame   0x00000000000010c4      0x250 ./Drivers/STM32F4xx_HAL_Driver/Src/stm32f4xx_hal_dma.o
 .debug_frame   0x0000000000001314      0x14c ./Drivers/STM32F4xx_HAL_Driver/Src/stm32f4xx_hal_gpio.o
 .debug_frame   0x0000000000001460      0x1f4 ./Drivers/STM32F4xx_HAL_Driver/Src/stm32f4xx_hal_rcc.o
 .debug_frame   0x0000000000001654      0x92c ./Drivers/STM32F4xx_HAL_Driver/Src/stm32f4xx_hal_uart.o
 .debug_frame   0x0000000000001f80       0x30 d:/stm32cubeide_1.9.0/stm32cubeide/plugins/com.st.stm32cube.ide.mcu.externaltools.gnu-tools-for-stm32.10.3-2021.10.win32_1.0.0.202111181127/tools/bin/../lib/gcc/arm-none-eabi/10.3.1/../../../../arm-none-eabi/lib/thumb/v7e-m+fp/hard\libc_nano.a(lib_a-atoi.o)
 .debug_frame   0x0000000000001fb0       0x20 d:/stm32cubeide_1.9.0/stm32cubeide/plugins/com.st.stm32cube.ide.mcu.externaltools.gnu-tools-for-stm32.10.3-2021.10.win32_1.0.0.202111181127/tools/bin/../lib/gcc/arm-none-eabi/10.3.1/../../../../arm-none-eabi/lib/thumb/v7e-m+fp/hard\libc_nano.a(lib_a-errno.o)
 .debug_frame   0x0000000000001fd0       0x2c d:/stm32cubeide_1.9.0/stm32cubeide/plugins/com.st.stm32cube.ide.mcu.externaltools.gnu-tools-for-stm32.10.3-2021.10.win32_1.0.0.202111181127/tools/bin/../lib/gcc/arm-none-eabi/10.3.1/../../../../arm-none-eabi/lib/thumb/v7e-m+fp/hard\libc_nano.a(lib_a-init.o)
 .debug_frame   0x0000000000001ffc       0x30 d:/stm32cubeide_1.9.0/stm32cubeide/plugins/com.st.stm32cube.ide.mcu.externaltools.gnu-tools-for-stm32.10.3-2021.10.win32_1.0.0.202111181127/tools/bin/../lib/gcc/arm-none-eabi/10.3.1/../../../../arm-none-eabi/lib/thumb/v7e-m+fp/hard\libc_nano.a(lib_a-malloc.o)
 .debug_frame   0x000000000000202c       0x28 d:/stm32cubeide_1.9.0/stm32cubeide/plugins/com.st.stm32cube.ide.mcu.externaltools.gnu-tools-for-stm32.10.3-2021.10.win32_1.0.0.202111181127/tools/bin/../lib/gcc/arm-none-eabi/10.3.1/../../../../arm-none-eabi/lib/thumb/v7e-m+fp/hard\libc_nano.a(lib_a-memcpy-stub.o)
 .debug_frame   0x0000000000002054       0x20 d:/stm32cubeide_1.9.0/stm32cubeide/plugins/com.st.stm32cube.ide.mcu.externaltools.gnu-tools-for-stm32.10.3-2021.10.win32_1.0.0.202111181127/tools/bin/../lib/gcc/arm-none-eabi/10.3.1/../../../../arm-none-eabi/lib/thumb/v7e-m+fp/hard\libc_nano.a(lib_a-memset.o)
 .debug_frame   0x0000000000002074       0x38 d:/stm32cubeide_1.9.0/stm32cubeide/plugins/com.st.stm32cube.ide.mcu.externaltools.gnu-tools-for-stm32.10.3-2021.10.win32_1.0.0.202111181127/tools/bin/../lib/gcc/arm-none-eabi/10.3.1/../../../../arm-none-eabi/lib/thumb/v7e-m+fp/hard\libc_nano.a(lib_a-nano-freer.o)
 .debug_frame   0x00000000000020ac       0x4c d:/stm32cubeide_1.9.0/stm32cubeide/plugins/com.st.stm32cube.ide.mcu.externaltools.gnu-tools-for-stm32.10.3-2021.10.win32_1.0.0.202111181127/tools/bin/../lib/gcc/arm-none-eabi/10.3.1/../../../../arm-none-eabi/lib/thumb/v7e-m+fp/hard\libc_nano.a(lib_a-nano-mallocr.o)
 .debug_frame   0x00000000000020f8       0x2c d:/stm32cubeide_1.9.0/stm32cubeide/plugins/com.st.stm32cube.ide.mcu.externaltools.gnu-tools-for-stm32.10.3-2021.10.win32_1.0.0.202111181127/tools/bin/../lib/gcc/arm-none-eabi/10.3.1/../../../../arm-none-eabi/lib/thumb/v7e-m+fp/hard\libc_nano.a(lib_a-sbrkr.o)
 .debug_frame   0x0000000000002124       0x6c d:/stm32cubeide_1.9.0/stm32cubeide/plugins/com.st.stm32cube.ide.mcu.externaltools.gnu-tools-for-stm32.10.3-2021.10.win32_1.0.0.202111181127/tools/bin/../lib/gcc/arm-none-eabi/10.3.1/../../../../arm-none-eabi/lib/thumb/v7e-m+fp/hard\libc_nano.a(lib_a-sprintf.o)
 .debug_frame   0x0000000000002190       0x28 d:/stm32cubeide_1.9.0/stm32cubeide/plugins/com.st.stm32cube.ide.mcu.externaltools.gnu-tools-for-stm32.10.3-2021.10.win32_1.0.0.202111181127/tools/bin/../lib/gcc/arm-none-eabi/10.3.1/../../../../arm-none-eabi/lib/thumb/v7e-m+fp/hard\libc_nano.a(lib_a-strcat.o)
 .debug_frame   0x00000000000021b8       0x20 d:/stm32cubeide_1.9.0/stm32cubeide/plugins/com.st.stm32cube.ide.mcu.externaltools.gnu-tools-for-stm32.10.3-2021.10.win32_1.0.0.202111181127/tools/bin/../lib/gcc/arm-none-eabi/10.3.1/../../../../arm-none-eabi/lib/thumb/v7e-m+fp/hard\libc_nano.a(lib_a-strcmp.o)
 .debug_frame   0x00000000000021d8       0x64 d:/stm32cubeide_1.9.0/stm32cubeide/plugins/com.st.stm32cube.ide.mcu.externaltools.gnu-tools-for-stm32.10.3-2021.10.win32_1.0.0.202111181127/tools/bin/../lib/gcc/arm-none-eabi/10.3.1/../../../../arm-none-eabi/lib/thumb/v7e-m+fp/hard\libc_nano.a(lib_a-strtol.o)
 .debug_frame   0x000000000000223c       0x30 d:/stm32cubeide_1.9.0/stm32cubeide/plugins/com.st.stm32cube.ide.mcu.externaltools.gnu-tools-for-stm32.10.3-2021.10.win32_1.0.0.202111181127/tools/bin/../lib/gcc/arm-none-eabi/10.3.1/../../../../arm-none-eabi/lib/thumb/v7e-m+fp/hard\libc_nano.a(lib_a-mlock.o)
 .debug_frame   0x000000000000226c       0x90 d:/stm32cubeide_1.9.0/stm32cubeide/plugins/com.st.stm32cube.ide.mcu.externaltools.gnu-tools-for-stm32.10.3-2021.10.win32_1.0.0.202111181127/tools/bin/../lib/gcc/arm-none-eabi/10.3.1/../../../../arm-none-eabi/lib/thumb/v7e-m+fp/hard\libc_nano.a(lib_a-nano-svfprintf.o)
 .debug_frame   0x00000000000022fc       0x60 d:/stm32cubeide_1.9.0/stm32cubeide/plugins/com.st.stm32cube.ide.mcu.externaltools.gnu-tools-for-stm32.10.3-2021.10.win32_1.0.0.202111181127/tools/bin/../lib/gcc/arm-none-eabi/10.3.1/../../../../arm-none-eabi/lib/thumb/v7e-m+fp/hard\libc_nano.a(lib_a-nano-vfprintf_i.o)